/research/cbim/vast/mz751/miniforge3/envs/espo/lib/python3.11/site-packages/accelerate/utils/launch.py:464: UserWarning: Port `29500` is already in use. Accelerate will attempt to launch in a standalone-like mode by finding an open port automatically for this session. If this current attempt fails, or for more control in future runs, please specify a different port (e.g., `--main_process_port <your_chosen_port>`) or use `--main_process_port 0` for automatic selection in your launch command or Accelerate config file.
  warnings.warn(
W0527 16:23:27.257000 2640299 site-packages/torch/distributed/run.py:792] 
W0527 16:23:27.257000 2640299 site-packages/torch/distributed/run.py:792] *****************************************
W0527 16:23:27.257000 2640299 site-packages/torch/distributed/run.py:792] Setting OMP_NUM_THREADS environment variable for each process to be 1 in default, to avoid your system being overloaded, please further tune the variable for optimal performance in your application as needed. 
W0527 16:23:27.257000 2640299 site-packages/torch/distributed/run.py:792] *****************************************
/research/cbim/vast/mz751/miniforge3/envs/espo/lib/python3.11/site-packages/transformers/hf_argparser.py:345: FutureWarning: `max_completion_length` is deprecated and will be removed in version 0.29.0. We recommend using `max_length` instead to control the maximum length of samples.
  obj = dtype(**inputs)
/research/cbim/vast/mz751/miniforge3/envs/espo/lib/python3.11/site-packages/transformers/hf_argparser.py:345: FutureWarning: `max_prompt_length` is deprecated and will be removed in version 0.29.0. We recommend filtering out overlong prompts from your dataset before passing it to the trainer instead of using this parameter.
  obj = dtype(**inputs)
warmup_ratio is deprecated and will be removed in v5.2. Use `warmup_steps` instead.
/research/cbim/vast/mz751/miniforge3/envs/espo/lib/python3.11/site-packages/transformers/hf_argparser.py:345: FutureWarning: `max_completion_length` is deprecated and will be removed in version 0.29.0. We recommend using `max_length` instead to control the maximum length of samples.
  obj = dtype(**inputs)
/research/cbim/vast/mz751/miniforge3/envs/espo/lib/python3.11/site-packages/transformers/hf_argparser.py:345: FutureWarning: `max_prompt_length` is deprecated and will be removed in version 0.29.0. We recommend filtering out overlong prompts from your dataset before passing it to the trainer instead of using this parameter.
  obj = dtype(**inputs)
warmup_ratio is deprecated and will be removed in v5.2. Use `warmup_steps` instead.
/research/cbim/vast/mz751/miniforge3/envs/espo/lib/python3.11/site-packages/transformers/hf_argparser.py:345: FutureWarning: `max_completion_length` is deprecated and will be removed in version 0.29.0. We recommend using `max_length` instead to control the maximum length of samples.
  obj = dtype(**inputs)
/research/cbim/vast/mz751/miniforge3/envs/espo/lib/python3.11/site-packages/transformers/hf_argparser.py:345: FutureWarning: `max_prompt_length` is deprecated and will be removed in version 0.29.0. We recommend filtering out overlong prompts from your dataset before passing it to the trainer instead of using this parameter.
  obj = dtype(**inputs)
warmup_ratio is deprecated and will be removed in v5.2. Use `warmup_steps` instead.
/research/cbim/vast/mz751/miniforge3/envs/espo/lib/python3.11/site-packages/transformers/hf_argparser.py:345: FutureWarning: `max_completion_length` is deprecated and will be removed in version 0.29.0. We recommend using `max_length` instead to control the maximum length of samples.
  obj = dtype(**inputs)
/research/cbim/vast/mz751/miniforge3/envs/espo/lib/python3.11/site-packages/transformers/hf_argparser.py:345: FutureWarning: `max_prompt_length` is deprecated and will be removed in version 0.29.0. We recommend filtering out overlong prompts from your dataset before passing it to the trainer instead of using this parameter.
  obj = dtype(**inputs)
warmup_ratio is deprecated and will be removed in v5.2. Use `warmup_steps` instead.
/research/cbim/vast/mz751/miniforge3/envs/espo/lib/python3.11/site-packages/transformers/hf_argparser.py:345: FutureWarning: `max_completion_length` is deprecated and will be removed in version 0.29.0. We recommend using `max_length` instead to control the maximum length of samples.
  obj = dtype(**inputs)
/research/cbim/vast/mz751/miniforge3/envs/espo/lib/python3.11/site-packages/transformers/hf_argparser.py:345: FutureWarning: `max_prompt_length` is deprecated and will be removed in version 0.29.0. We recommend filtering out overlong prompts from your dataset before passing it to the trainer instead of using this parameter.
  obj = dtype(**inputs)
warmup_ratio is deprecated and will be removed in v5.2. Use `warmup_steps` instead.
/research/cbim/vast/mz751/miniforge3/envs/espo/lib/python3.11/site-packages/transformers/hf_argparser.py:345: FutureWarning: `max_completion_length` is deprecated and will be removed in version 0.29.0. We recommend using `max_length` instead to control the maximum length of samples.
  obj = dtype(**inputs)
/research/cbim/vast/mz751/miniforge3/envs/espo/lib/python3.11/site-packages/transformers/hf_argparser.py:345: FutureWarning: `max_prompt_length` is deprecated and will be removed in version 0.29.0. We recommend filtering out overlong prompts from your dataset before passing it to the trainer instead of using this parameter.
  obj = dtype(**inputs)
warmup_ratio is deprecated and will be removed in v5.2. Use `warmup_steps` instead.
/research/cbim/vast/mz751/miniforge3/envs/espo/lib/python3.11/site-packages/transformers/hf_argparser.py:345: FutureWarning: `max_completion_length` is deprecated and will be removed in version 0.29.0. We recommend using `max_length` instead to control the maximum length of samples.
  obj = dtype(**inputs)
/research/cbim/vast/mz751/miniforge3/envs/espo/lib/python3.11/site-packages/transformers/hf_argparser.py:345: FutureWarning: `max_prompt_length` is deprecated and will be removed in version 0.29.0. We recommend filtering out overlong prompts from your dataset before passing it to the trainer instead of using this parameter.
  obj = dtype(**inputs)
warmup_ratio is deprecated and will be removed in v5.2. Use `warmup_steps` instead.
/research/cbim/vast/mz751/miniforge3/envs/espo/lib/python3.11/site-packages/transformers/hf_argparser.py:345: FutureWarning: `max_completion_length` is deprecated and will be removed in version 0.29.0. We recommend using `max_length` instead to control the maximum length of samples.
  obj = dtype(**inputs)
/research/cbim/vast/mz751/miniforge3/envs/espo/lib/python3.11/site-packages/transformers/hf_argparser.py:345: FutureWarning: `max_prompt_length` is deprecated and will be removed in version 0.29.0. We recommend filtering out overlong prompts from your dataset before passing it to the trainer instead of using this parameter.
  obj = dtype(**inputs)
warmup_ratio is deprecated and will be removed in v5.2. Use `warmup_steps` instead.
Warning: The cache directory for DeepSpeed Triton autotune, /research/cbim/vast/mz751/.triton/autotune, appears to be on an NFS system. While this is generally acceptable, if you experience slowdowns or hanging when DeepSpeed exits, it is recommended to set the TRITON_CACHE_DIR environment variable to a non-NFS path.
Warning: The cache directory for DeepSpeed Triton autotune, /research/cbim/vast/mz751/.triton/autotune, appears to be on an NFS system. While this is generally acceptable, if you experience slowdowns or hanging when DeepSpeed exits, it is recommended to set the TRITON_CACHE_DIR environment variable to a non-NFS path.
Warning: The cache directory for DeepSpeed Triton autotune, /research/cbim/vast/mz751/.triton/autotune, appears to be on an NFS system. While this is generally acceptable, if you experience slowdowns or hanging when DeepSpeed exits, it is recommended to set the TRITON_CACHE_DIR environment variable to a non-NFS path.
Warning: The cache directory for DeepSpeed Triton autotune, /research/cbim/vast/mz751/.triton/autotune, appears to be on an NFS system. While this is generally acceptable, if you experience slowdowns or hanging when DeepSpeed exits, it is recommended to set the TRITON_CACHE_DIR environment variable to a non-NFS path.
Warning: The cache directory for DeepSpeed Triton autotune, /research/cbim/vast/mz751/.triton/autotune, appears to be on an NFS system. While this is generally acceptable, if you experience slowdowns or hanging when DeepSpeed exits, it is recommended to set the TRITON_CACHE_DIR environment variable to a non-NFS path.
Warning: The cache directory for DeepSpeed Triton autotune, /research/cbim/vast/mz751/.triton/autotune, appears to be on an NFS system. While this is generally acceptable, if you experience slowdowns or hanging when DeepSpeed exits, it is recommended to set the TRITON_CACHE_DIR environment variable to a non-NFS path.
Warning: The cache directory for DeepSpeed Triton autotune, /research/cbim/vast/mz751/.triton/autotune, appears to be on an NFS system. While this is generally acceptable, if you experience slowdowns or hanging when DeepSpeed exits, it is recommended to set the TRITON_CACHE_DIR environment variable to a non-NFS path.
Warning: The cache directory for DeepSpeed Triton autotune, /research/cbim/vast/mz751/.triton/autotune, appears to be on an NFS system. While this is generally acceptable, if you experience slowdowns or hanging when DeepSpeed exits, it is recommended to set the TRITON_CACHE_DIR environment variable to a non-NFS path.
W0527 16:23:50.359000 2640299 site-packages/torch/distributed/elastic/agent/server/api.py:719] Received 15 death signal, shutting down workers
W0527 16:23:50.360000 2640299 site-packages/torch/distributed/elastic/multiprocessing/api.py:897] Sending process 2641447 closing signal SIGTERM
W0527 16:23:50.360000 2640299 site-packages/torch/distributed/elastic/multiprocessing/api.py:897] Sending process 2641451 closing signal SIGTERM
W0527 16:23:50.361000 2640299 site-packages/torch/distributed/elastic/multiprocessing/api.py:897] Sending process 2641452 closing signal SIGTERM
W0527 16:23:50.361000 2640299 site-packages/torch/distributed/elastic/multiprocessing/api.py:897] Sending process 2641456 closing signal SIGTERM
W0527 16:23:50.361000 2640299 site-packages/torch/distributed/elastic/multiprocessing/api.py:897] Sending process 2641460 closing signal SIGTERM
W0527 16:23:50.369000 2640299 site-packages/torch/distributed/elastic/multiprocessing/api.py:897] Sending process 2641464 closing signal SIGTERM
W0527 16:23:50.371000 2640299 site-packages/torch/distributed/elastic/multiprocessing/api.py:897] Sending process 2641465 closing signal SIGTERM
W0527 16:23:50.372000 2640299 site-packages/torch/distributed/elastic/multiprocessing/api.py:897] Sending process 2641469 closing signal SIGTERM
Warning: The cache directory for DeepSpeed Triton autotune, /research/cbim/vast/mz751/.triton/autotune, appears to be on an NFS system. While this is generally acceptable, if you experience slowdowns or hanging when DeepSpeed exits, it is recommended to set the TRITON_CACHE_DIR environment variable to a non-NFS path.
Traceback (most recent call last):
  File "/research/cbim/vast/mz751/miniforge3/envs/espo/bin/accelerate", line 6, in <module>
    sys.exit(main())
             ^^^^^^
  File "/research/cbim/vast/mz751/miniforge3/envs/espo/lib/python3.11/site-packages/accelerate/commands/accelerate_cli.py", line 50, in main
    args.func(args)
  File "/research/cbim/vast/mz751/miniforge3/envs/espo/lib/python3.11/site-packages/accelerate/commands/launch.py", line 1266, in launch_command
    deepspeed_launcher(args)
  File "/research/cbim/vast/mz751/miniforge3/envs/espo/lib/python3.11/site-packages/accelerate/commands/launch.py", line 952, in deepspeed_launcher
    distrib_run.run(args)
  File "/research/cbim/vast/mz751/miniforge3/envs/espo/lib/python3.11/site-packages/torch/distributed/run.py", line 909, in run
    elastic_launch(
  File "/research/cbim/vast/mz751/miniforge3/envs/espo/lib/python3.11/site-packages/torch/distributed/launcher/api.py", line 138, in __call__
    return launch_agent(self._config, self._entrypoint, list(args))
           ^^^^^^^^^^^^^^^^^^^^^^^^^^^^^^^^^^^^^^^^^^^^^^^^^^^^^^^^
  File "/research/cbim/vast/mz751/miniforge3/envs/espo/lib/python3.11/site-packages/torch/distributed/launcher/api.py", line 260, in launch_agent
    result = agent.run()
             ^^^^^^^^^^^
  File "/research/cbim/vast/mz751/miniforge3/envs/espo/lib/python3.11/site-packages/torch/distributed/elastic/metrics/api.py", line 137, in wrapper
    result = f(*args, **kwargs)
             ^^^^^^^^^^^^^^^^^^
  File "/research/cbim/vast/mz751/miniforge3/envs/espo/lib/python3.11/site-packages/torch/distributed/elastic/agent/server/api.py", line 711, in run
    result = self._invoke_run(role)
             ^^^^^^^^^^^^^^^^^^^^^^
  File "/research/cbim/vast/mz751/miniforge3/envs/espo/lib/python3.11/site-packages/torch/distributed/elastic/agent/server/api.py", line 870, in _invoke_run
    time.sleep(monitor_interval)
  File "/research/cbim/vast/mz751/miniforge3/envs/espo/lib/python3.11/site-packages/torch/distributed/elastic/multiprocessing/api.py", line 84, in _terminate_process_handler
    raise SignalException(f"Process {os.getpid()} got signal: {sigval}", sigval=sigval)
torch.distributed.elastic.multiprocessing.api.SignalException: Process 2640299 got signal: 15
