/research/cbim/vast/mz751/miniforge3/envs/espo/lib/python3.11/site-packages/accelerate/utils/launch.py:464: UserWarning: Port `29500` is already in use. Accelerate will attempt to launch in a standalone-like mode by finding an open port automatically for this session. If this current attempt fails, or for more control in future runs, please specify a different port (e.g., `--main_process_port <your_chosen_port>`) or use `--main_process_port 0` for automatic selection in your launch command or Accelerate config file.
  warnings.warn(
W0527 16:23:44.168000 2640762 site-packages/torch/distributed/run.py:792] 
W0527 16:23:44.168000 2640762 site-packages/torch/distributed/run.py:792] *****************************************
W0527 16:23:44.168000 2640762 site-packages/torch/distributed/run.py:792] Setting OMP_NUM_THREADS environment variable for each process to be 1 in default, to avoid your system being overloaded, please further tune the variable for optimal performance in your application as needed. 
W0527 16:23:44.168000 2640762 site-packages/torch/distributed/run.py:792] *****************************************
recipes/run_dpo.sh: line 81: 2640762 Killed                  accelerate launch --config_file "$ACCEL_CONFIG" --num_processes "$NUM_PROCESSES" my_train/my_dpo_train.py $BF16_ARG $DTYPE_ARG --config recipes/dpo.yaml --dataset_name "$DATASET" --dataset_path "$dataset_path" --model_name_or_path "$model_name_or_path" --run_name "$RUN_NAME" --output_dir "$LOGDIR/$RUN_NAME/checkpoints" --logging_steps 1 --gradient_accumulation_steps 8 --per_device_train_batch_size 1 --beta 0.1 --block_length 128 --num_mc 1 --learning_rate 5e-7 --warmup_ratio 0.1 --max_grad_norm 0.5 --weight_decay 0.01 --lr_scheduler_type cosine --save_strategy no --gradient_checkpointing true --use_peft false --wandb_project "sdar_dpo"
/research/cbim/vast/mz751/miniforge3/envs/espo/lib/python3.11/site-packages/transformers/hf_argparser.py:345: FutureWarning: `max_completion_length` is deprecated and will be removed in version 0.29.0. We recommend using `max_length` instead to control the maximum length of samples.
  obj = dtype(**inputs)
/research/cbim/vast/mz751/miniforge3/envs/espo/lib/python3.11/site-packages/transformers/hf_argparser.py:345: FutureWarning: `max_prompt_length` is deprecated and will be removed in version 0.29.0. We recommend filtering out overlong prompts from your dataset before passing it to the trainer instead of using this parameter.
  obj = dtype(**inputs)
warmup_ratio is deprecated and will be removed in v5.2. Use `warmup_steps` instead.
/research/cbim/vast/mz751/miniforge3/envs/espo/lib/python3.11/site-packages/transformers/hf_argparser.py:345: FutureWarning: `max_completion_length` is deprecated and will be removed in version 0.29.0. We recommend using `max_length` instead to control the maximum length of samples.
  obj = dtype(**inputs)
/research/cbim/vast/mz751/miniforge3/envs/espo/lib/python3.11/site-packages/transformers/hf_argparser.py:345: FutureWarning: `max_prompt_length` is deprecated and will be removed in version 0.29.0. We recommend filtering out overlong prompts from your dataset before passing it to the trainer instead of using this parameter.
  obj = dtype(**inputs)
warmup_ratio is deprecated and will be removed in v5.2. Use `warmup_steps` instead.
/research/cbim/vast/mz751/miniforge3/envs/espo/lib/python3.11/site-packages/transformers/hf_argparser.py:345: FutureWarning: `max_completion_length` is deprecated and will be removed in version 0.29.0. We recommend using `max_length` instead to control the maximum length of samples.
  obj = dtype(**inputs)
/research/cbim/vast/mz751/miniforge3/envs/espo/lib/python3.11/site-packages/transformers/hf_argparser.py:345: FutureWarning: `max_prompt_length` is deprecated and will be removed in version 0.29.0. We recommend filtering out overlong prompts from your dataset before passing it to the trainer instead of using this parameter.
  obj = dtype(**inputs)
warmup_ratio is deprecated and will be removed in v5.2. Use `warmup_steps` instead.
/research/cbim/vast/mz751/miniforge3/envs/espo/lib/python3.11/site-packages/transformers/hf_argparser.py:345: FutureWarning: `max_completion_length` is deprecated and will be removed in version 0.29.0. We recommend using `max_length` instead to control the maximum length of samples.
  obj = dtype(**inputs)
/research/cbim/vast/mz751/miniforge3/envs/espo/lib/python3.11/site-packages/transformers/hf_argparser.py:345: FutureWarning: `max_prompt_length` is deprecated and will be removed in version 0.29.0. We recommend filtering out overlong prompts from your dataset before passing it to the trainer instead of using this parameter.
  obj = dtype(**inputs)
warmup_ratio is deprecated and will be removed in v5.2. Use `warmup_steps` instead.
/research/cbim/vast/mz751/miniforge3/envs/espo/lib/python3.11/site-packages/transformers/hf_argparser.py:345: FutureWarning: `max_completion_length` is deprecated and will be removed in version 0.29.0. We recommend using `max_length` instead to control the maximum length of samples.
  obj = dtype(**inputs)
/research/cbim/vast/mz751/miniforge3/envs/espo/lib/python3.11/site-packages/transformers/hf_argparser.py:345: FutureWarning: `max_prompt_length` is deprecated and will be removed in version 0.29.0. We recommend filtering out overlong prompts from your dataset before passing it to the trainer instead of using this parameter.
  obj = dtype(**inputs)
warmup_ratio is deprecated and will be removed in v5.2. Use `warmup_steps` instead.
/research/cbim/vast/mz751/miniforge3/envs/espo/lib/python3.11/site-packages/transformers/hf_argparser.py:345: FutureWarning: `max_completion_length` is deprecated and will be removed in version 0.29.0. We recommend using `max_length` instead to control the maximum length of samples.
  obj = dtype(**inputs)
/research/cbim/vast/mz751/miniforge3/envs/espo/lib/python3.11/site-packages/transformers/hf_argparser.py:345: FutureWarning: `max_prompt_length` is deprecated and will be removed in version 0.29.0. We recommend filtering out overlong prompts from your dataset before passing it to the trainer instead of using this parameter.
  obj = dtype(**inputs)
warmup_ratio is deprecated and will be removed in v5.2. Use `warmup_steps` instead.
/research/cbim/vast/mz751/miniforge3/envs/espo/lib/python3.11/site-packages/transformers/hf_argparser.py:345: FutureWarning: `max_completion_length` is deprecated and will be removed in version 0.29.0. We recommend using `max_length` instead to control the maximum length of samples.
  obj = dtype(**inputs)
/research/cbim/vast/mz751/miniforge3/envs/espo/lib/python3.11/site-packages/transformers/hf_argparser.py:345: FutureWarning: `max_prompt_length` is deprecated and will be removed in version 0.29.0. We recommend filtering out overlong prompts from your dataset before passing it to the trainer instead of using this parameter.
  obj = dtype(**inputs)
warmup_ratio is deprecated and will be removed in v5.2. Use `warmup_steps` instead.
/research/cbim/vast/mz751/miniforge3/envs/espo/lib/python3.11/site-packages/transformers/hf_argparser.py:345: FutureWarning: `max_completion_length` is deprecated and will be removed in version 0.29.0. We recommend using `max_length` instead to control the maximum length of samples.
  obj = dtype(**inputs)
/research/cbim/vast/mz751/miniforge3/envs/espo/lib/python3.11/site-packages/transformers/hf_argparser.py:345: FutureWarning: `max_prompt_length` is deprecated and will be removed in version 0.29.0. We recommend filtering out overlong prompts from your dataset before passing it to the trainer instead of using this parameter.
  obj = dtype(**inputs)
warmup_ratio is deprecated and will be removed in v5.2. Use `warmup_steps` instead.
Warning: The cache directory for DeepSpeed Triton autotune, /research/cbim/vast/mz751/.triton/autotune, appears to be on an NFS system. While this is generally acceptable, if you experience slowdowns or hanging when DeepSpeed exits, it is recommended to set the TRITON_CACHE_DIR environment variable to a non-NFS path.
Warning: The cache directory for DeepSpeed Triton autotune, /research/cbim/vast/mz751/.triton/autotune, appears to be on an NFS system. While this is generally acceptable, if you experience slowdowns or hanging when DeepSpeed exits, it is recommended to set the TRITON_CACHE_DIR environment variable to a non-NFS path.
Warning: The cache directory for DeepSpeed Triton autotune, /research/cbim/vast/mz751/.triton/autotune, appears to be on an NFS system. While this is generally acceptable, if you experience slowdowns or hanging when DeepSpeed exits, it is recommended to set the TRITON_CACHE_DIR environment variable to a non-NFS path.
Warning: The cache directory for DeepSpeed Triton autotune, /research/cbim/vast/mz751/.triton/autotune, appears to be on an NFS system. While this is generally acceptable, if you experience slowdowns or hanging when DeepSpeed exits, it is recommended to set the TRITON_CACHE_DIR environment variable to a non-NFS path.
Warning: The cache directory for DeepSpeed Triton autotune, /research/cbim/vast/mz751/.triton/autotune, appears to be on an NFS system. While this is generally acceptable, if you experience slowdowns or hanging when DeepSpeed exits, it is recommended to set the TRITON_CACHE_DIR environment variable to a non-NFS path.
Warning: The cache directory for DeepSpeed Triton autotune, /research/cbim/vast/mz751/.triton/autotune, appears to be on an NFS system. While this is generally acceptable, if you experience slowdowns or hanging when DeepSpeed exits, it is recommended to set the TRITON_CACHE_DIR environment variable to a non-NFS path.
Warning: The cache directory for DeepSpeed Triton autotune, /research/cbim/vast/mz751/.triton/autotune, appears to be on an NFS system. While this is generally acceptable, if you experience slowdowns or hanging when DeepSpeed exits, it is recommended to set the TRITON_CACHE_DIR environment variable to a non-NFS path.
Warning: The cache directory for DeepSpeed Triton autotune, /research/cbim/vast/mz751/.triton/autotune, appears to be on an NFS system. While this is generally acceptable, if you experience slowdowns or hanging when DeepSpeed exits, it is recommended to set the TRITON_CACHE_DIR environment variable to a non-NFS path.
