[21:50:05] ========================================================
[21:50:05] Offline Rollout 生成：固定 SFT π₀，共 1 轮
[21:50:05]   SFT model : /research/cbim/vast/mz751/Projects/DLLM-Searcher/dLLM_trainer/SFT/dLLM-RL/sft_llada_x0pred/ckpt_6/optimized
[21:50:05]   输出根目录 : /research/cbim/vast/mz751/Projects/DLLM-Searcher/dLLM_trainer/Agentic/output/offline_loop/offline_rollouts
[21:50:05] ========================================================
[21:50:05] 
[21:50:05] === Round 0: Q[0:1024] via SFT π₀ ===
Pool R0: 1024 题  [0, 1024)
[21:50:05]   rank0 已启动 (GPU=0)
[21:50:25]   rank1 已启动 (GPU=1)
[21:50:45]   rank2 已启动 (GPU=2)
[21:51:05]   rank3 已启动 (GPU=3)
[21:51:25]   rank4 已启动 (GPU=4)
[21:51:45]   rank5 已启动 (GPU=5)
[21:52:05]   rank6 已启动 (GPU=6)
[21:52:25]   rank7 已启动 (GPU=7)
[21:52:25]   等待 Rollout R0 完成...
[21:52:25]   0/8 rank 完成
[21:54:25]   0/8 rank 完成
[21:56:26]   0/8 rank 完成
[21:58:26]   0/8 rank 完成
[22:00:26]   0/8 rank 完成
[22:02:26]   0/8 rank 完成
[22:04:26]   0/8 rank 完成
[22:06:26]   0/8 rank 完成
[22:08:26]   0/8 rank 完成
[22:10:26]   0/8 rank 完成
[22:12:26]   0/8 rank 完成
[22:14:26]   0/8 rank 完成
[22:16:26]   0/8 rank 完成
[22:18:26]   0/8 rank 完成
[22:20:26]   0/8 rank 完成
[22:22:26]   0/8 rank 完成
[22:24:26]   0/8 rank 完成
[22:26:26]   0/8 rank 完成
[22:28:26]   0/8 rank 完成
[22:30:26]   0/8 rank 完成
[22:32:26]   0/8 rank 完成
[22:34:26]   0/8 rank 完成
[22:36:26]   0/8 rank 完成
[22:38:26]   0/8 rank 完成
[22:40:26]   0/8 rank 完成
[22:42:26]   0/8 rank 完成
[22:44:26]   0/8 rank 完成
[22:46:26]   0/8 rank 完成
[22:48:27]   0/8 rank 完成
[22:50:27]   0/8 rank 完成
[22:52:27]   0/8 rank 完成
[22:54:27]   0/8 rank 完成
[22:56:27]   0/8 rank 完成
[22:58:27]   0/8 rank 完成
[23:00:27]   0/8 rank 完成
[23:02:27]   0/8 rank 完成
[23:04:27]   0/8 rank 完成
[23:06:27]   0/8 rank 完成
[23:08:27]   0/8 rank 完成
[23:10:27]   0/8 rank 完成
[23:12:27]   0/8 rank 完成
[23:14:27]   0/8 rank 完成
[23:16:27]   0/8 rank 完成
[23:18:27]   0/8 rank 完成
[23:20:27]   0/8 rank 完成
[23:22:27]   0/8 rank 完成
[23:24:27]   0/8 rank 完成
[23:26:27]   0/8 rank 完成
[23:28:27]   0/8 rank 完成
[23:30:27]   0/8 rank 完成
[23:32:27]   0/8 rank 完成
[23:34:27]   0/8 rank 完成
[23:36:27]   0/8 rank 完成
[23:38:28]   0/8 rank 完成
[23:40:28]   0/8 rank 完成
[23:42:28]   0/8 rank 完成
[23:44:28]   0/8 rank 完成
[23:46:28]   0/8 rank 完成
[23:48:28]   0/8 rank 完成
[23:50:28]   0/8 rank 完成
[23:52:28]   0/8 rank 完成
[23:54:28]   0/8 rank 完成
[23:56:28]   0/8 rank 完成
[23:58:28]   0/8 rank 完成
[00:00:28]   0/8 rank 完成
[00:02:28]   0/8 rank 完成
[00:04:28]   0/8 rank 完成
[00:06:28]   0/8 rank 完成
[00:08:28]   0/8 rank 完成
[00:10:28]   0/8 rank 完成
[00:12:28]   0/8 rank 完成
[00:14:28]   0/8 rank 完成
[00:16:28]   0/8 rank 完成
[00:18:28]   0/8 rank 完成
[00:20:28]   0/8 rank 完成
[00:22:28]   0/8 rank 完成
[00:24:28]   0/8 rank 完成
[00:26:28]   0/8 rank 完成
[00:28:28]   0/8 rank 完成
[00:30:29]   0/8 rank 完成
[00:32:29]   0/8 rank 完成
[00:34:29]   0/8 rank 完成
[00:36:29]   0/8 rank 完成
[00:38:29]   0/8 rank 完成
[00:40:29]   0/8 rank 完成
[00:42:29]   0/8 rank 完成
[00:44:29]   0/8 rank 完成
[00:46:29]   0/8 rank 完成
[00:48:29]   0/8 rank 完成
[00:50:29]   0/8 rank 完成
[00:52:29]   0/8 rank 完成
[00:54:29]   0/8 rank 完成
[00:56:29]   0/8 rank 完成
[00:58:29]   0/8 rank 完成
[01:00:29]   0/8 rank 完成
[01:02:29]   0/8 rank 完成
[01:04:29]   0/8 rank 完成
[01:06:29]   0/8 rank 完成
[01:08:29]   0/8 rank 完成
[01:10:29]   0/8 rank 完成
[01:12:29]   0/8 rank 完成
[01:14:29]   0/8 rank 完成
[01:16:29]   0/8 rank 完成
[01:18:29]   0/8 rank 完成
[01:20:30]   0/8 rank 完成
[01:22:30]   0/8 rank 完成
[01:24:30]   0/8 rank 完成
[01:26:30]   0/8 rank 完成
[01:28:30]   0/8 rank 完成
[01:30:30]   0/8 rank 完成
[01:32:30]   0/8 rank 完成
[01:34:30]   0/8 rank 完成
[01:36:30]   0/8 rank 完成
[01:38:30]   0/8 rank 完成
[01:40:30]   0/8 rank 完成
[01:42:30]   0/8 rank 完成
[01:44:30]   0/8 rank 完成
[01:46:30]   0/8 rank 完成
[01:48:30]   0/8 rank 完成
[01:50:30]   0/8 rank 完成
[01:52:30]   0/8 rank 完成
[01:54:30]   0/8 rank 完成
[01:56:30]   0/8 rank 完成
[01:58:30]   0/8 rank 完成
[02:00:30]   0/8 rank 完成
[02:02:30]   0/8 rank 完成
[02:04:30]   0/8 rank 完成
[02:06:30]   0/8 rank 完成
[02:08:30]   0/8 rank 完成
[02:10:30]   0/8 rank 完成
[02:12:31]   1/8 rank 完成
[02:14:31]   1/8 rank 完成
[02:16:31]   2/8 rank 完成
[02:18:31]   2/8 rank 完成
[02:20:31]   2/8 rank 完成
[02:22:31]   3/8 rank 完成
[02:24:31]   3/8 rank 完成
[02:26:31]   3/8 rank 完成
[02:28:31]   3/8 rank 完成
[02:30:31]   4/8 rank 完成
[02:32:31]   5/8 rank 完成
[02:34:31]   6/8 rank 完成
[02:36:31]   7/8 rank 完成
[02:38:31]   7/8 rank 完成
[02:40:31]   7/8 rank 完成
[02:42:31]   7/8 rank 完成
[02:44:31]   7/8 rank 完成
[02:46:31]   7/8 rank 完成
[02:48:31]   7/8 rank 完成
[02:50:31]   7/8 rank 完成
[02:52:31]   8/8 rank 完成
[02:52:31]   Rollout R0 完成！
[02:52:31]   R0 训练数据: 6344 条 → /research/cbim/vast/mz751/Projects/DLLM-Searcher/dLLM_trainer/Agentic/output/offline_loop/offline_rollouts/round0/train_reward_a.jsonl
[02:52:31] 
[02:52:31] ========================================================
[02:52:31] Offline Rollout 全部生成完毕！共 1 轮
[02:52:31] ========================================================
3:50:36]   0/8 rank 完成
[23:52:28]   0/8 rank 完成
[23:52:36]   0/8 rank 完成
[23:54:28]   0/8 rank 完成
[23:54:36]   0/8 rank 完成
[23:56:28]   0/8 rank 完成
[23:56:36]   0/8 rank 完成
[23:58:28]   0/8 rank 完成
[23:58:36]   0/8 rank 完成
[00:00:28]   0/8 rank 完成
[00:00:37]   0/8 rank 完成
[00:02:28]   0/8 rank 完成
[00:02:37]   0/8 rank 完成
[00:04:28]   0/8 rank 完成
[00:04:37]   0/8 rank 完成
[00:06:28]   0/8 rank 完成
[00:06:37]   0/8 rank 完成
[00:08:28]   0/8 rank 完成
[00:08:37]   0/8 rank 完成
[00:10:28]   0/8 rank 完成
[00:10:38]   0/8 rank 完成
[00:12:28]   0/8 rank 完成
[00:12:38]   0/8 rank 完成
[00:14:28]   0/8 rank 完成
[00:14:38]   0/8 rank 完成
[00:16:28]   0/8 rank 完成
[00:16:38]   0/8 rank 完成
[00:18:28]   0/8 rank 完成
[00:18:38]   0/8 rank 完成
[00:20:28]   0/8 rank 完成
[00:20:39]   0/8 rank 完成
[00:22:28]   0/8 rank 完成
[00:22:39]   0/8 rank 完成
[00:24:28]   0/8 rank 完成
[00:24:39]   0/8 rank 完成
[00:26:28]   0/8 rank 完成
[00:26:39]   0/8 rank 完成
[00:28:28]   0/8 rank 完成
[00:28:39]   0/8 rank 完成
[00:30:29]   0/8 rank 完成
[00:30:40]   0/8 rank 完成
[00:32:29]   0/8 rank 完成
[00:32:40]   0/8 rank 完成
[00:34:29]   0/8 rank 完成
[00:34:40]   0/8 rank 完成
[00:36:29]   0/8 rank 完成
[00:36:40]   0/8 rank 完成
[00:38:29]   0/8 rank 完成
[00:38:40]   0/8 rank 完成
[00:40:29]   0/8 rank 完成
[00:40:41]   0/8 rank 完成
[00:42:29]   0/8 rank 完成
[00:42:41]   0/8 rank 完成
[00:44:29]   0/8 rank 完成
[00:44:41]   0/8 rank 完成
[00:46:29]   0/8 rank 完成
[00:46:41]   0/8 rank 完成
[00:48:29]   0/8 rank 完成
[00:48:41]   0/8 rank 完成
[00:50:29]   0/8 rank 完成
[00:50:41]   0/8 rank 完成
[00:52:29]   0/8 rank 完成
[00:52:42]   0/8 rank 完成
[00:54:29]   0/8 rank 完成
[00:54:42]   0/8 rank 完成
[00:56:29]   0/8 rank 完成
[00:56:42]   0/8 rank 完成
[00:58:29]   0/8 rank 完成
[00:58:42]   8/8 rank 完成
[00:58:42]   Rollout R3 完成！
[00:58:42]   计算 Reward...
[00:58:43]   R3 训练数据: 1560 条 → /research/cbim/vast/mz751/Projects/DLLM-Searcher/dLLM_trainer/Agentic/output/offline_loop/offline_rollouts/round3/train_reward_a.jsonl
[00:58:43] 
[00:58:43] === Round 4: Q[1024:1280] via SFT π₀ ===
[00:58:43]   rank0 已启动 (GPU=0)
[00:59:03]   rank1 已启动 (GPU=1)
[00:59:23]   rank2 已启动 (GPU=2)
[00:59:43]   rank3 已启动 (GPU=3)
[01:00:03]   rank4 已启动 (GPU=4)
[01:00:23]   rank5 已启动 (GPU=5)
[01:00:29]   0/8 rank 完成
[01:00:43]   rank6 已启动 (GPU=6)
[01:01:03]   rank7 已启动 (GPU=7)
[01:01:03]   等待 Rollout R4 完成...
[01:01:04]   0/8 rank 完成
[01:02:29]   0/8 rank 完成
[01:03:04]   0/8 rank 完成
[01:04:29]   0/8 rank 完成
[01:05:04]   0/8 rank 完成
[01:06:29]   0/8 rank 完成
[01:07:04]   0/8 rank 完成
[01:08:29]   0/8 rank 完成
[01:09:04]   0/8 rank 完成
[01:10:29]   0/8 rank 完成
[01:11:05]   0/8 rank 完成
[01:12:29]   0/8 rank 完成
[01:13:05]   0/8 rank 完成
[01:14:29]   0/8 rank 完成
[01:15:05]   0/8 rank 完成
[01:16:29]   0/8 rank 完成
[01:17:05]   0/8 rank 完成
[01:18:29]   0/8 rank 完成
[01:19:05]   0/8 rank 完成
[01:20:30]   0/8 rank 完成
[01:21:06]   0/8 rank 完成
[01:22:30]   0/8 rank 完成
[01:23:06]   0/8 rank 完成
[01:24:30]   0/8 rank 完成
[01:25:06]   0/8 rank 完成
[01:26:30]   0/8 rank 完成
[01:27:06]   0/8 rank 完成
[01:28:30]   0/8 rank 完成
[01:29:06]   0/8 rank 完成
[01:30:30]   0/8 rank 完成
[01:31:07]   0/8 rank 完成
[01:32:30]   0/8 rank 完成
[01:33:07]   0/8 rank 完成
[01:34:30]   0/8 rank 完成
[01:35:07]   0/8 rank 完成
[01:36:30]   0/8 rank 完成
[01:37:07]   0/8 rank 完成
[01:38:30]   0/8 rank 完成
[01:39:07]   0/8 rank 完成
[01:40:30]   0/8 rank 完成
[01:41:07]   0/8 rank 完成
[01:42:30]   0/8 rank 完成
[01:43:08]   0/8 rank 完成
[01:44:30]   0/8 rank 完成
[01:45:08]   0/8 rank 完成
[01:46:30]   0/8 rank 完成
[01:47:08]   0/8 rank 完成
[01:48:30]   0/8 rank 完成
[01:49:08]   0/8 rank 完成
[01:50:30]   0/8 rank 完成
[01:51:08]   0/8 rank 完成
[01:52:30]   0/8 rank 完成
[01:53:09]   0/8 rank 完成
[01:54:30]   0/8 rank 完成
[01:55:09]   0/8 rank 完成
[01:56:30]   0/8 rank 完成
[01:57:09]   0/8 rank 完成
[01:58:30]   0/8 rank 完成
[01:59:09]   0/8 rank 完成
[02:00:30]   0/8 rank 完成
[02:01:09]   0/8 rank 完成
[02:02:30]   0/8 rank 完成
[02:03:10]   0/8 rank 完成
[02:04:30]   0/8 rank 完成
[02:05:10]   0/8 rank 完成
[02:06:30]   0/8 rank 完成
[02:07:10]   0/8 rank 完成
[02:08:30]   0/8 rank 完成
[02:09:10]   0/8 rank 完成
[02:10:30]   0/8 rank 完成
[02:11:10]   0/8 rank 完成
[02:12:31]   1/8 rank 完成
[02:13:11]   0/8 rank 完成
[02:14:31]   1/8 rank 完成
[02:15:11]   0/8 rank 完成
[02:16:31]   2/8 rank 完成
[02:17:11]   0/8 rank 完成
[02:18:31]   2/8 rank 完成
[02:19:11]   0/8 rank 完成
[02:20:31]   2/8 rank 完成
[02:21:11]   0/8 rank 完成
[02:22:31]   3/8 rank 完成
[02:23:11]   0/8 rank 完成
[02:24:31]   3/8 rank 完成
[02:25:12]   0/8 rank 完成
[02:26:31]   3/8 rank 完成
[02:27:12]   0/8 rank 完成
[02:28:31]   3/8 rank 完成
[02:29:12]   0/8 rank 完成
[02:30:31]   4/8 rank 完成
[02:31:12]   8/8 rank 完成
[02:31:12]   Rollout R4 完成！
[02:31:13]   计算 Reward...
[02:31:15]   R4 训练数据: 1576 条 → /research/cbim/vast/mz751/Projects/DLLM-Searcher/dLLM_trainer/Agentic/output/offline_loop/offline_rollouts/round4/train_reward_a.jsonl
[02:31:15] 
[02:31:15] === Round 5: Q[1280:1536] via SFT π₀ ===
[02:31:15]   rank0 已启动 (GPU=0)
[02:31:35]   rank1 已启动 (GPU=1)
[02:31:55]   rank2 已启动 (GPU=2)
[02:32:15]   rank3 已启动 (GPU=3)
[02:32:31]   5/8 rank 完成
[02:32:35]   rank4 已启动 (GPU=4)
[02:32:55]   rank5 已启动 (GPU=5)
[02:33:15]   rank6 已启动 (GPU=6)
[02:33:35]   rank7 已启动 (GPU=7)
[02:33:35]   等待 Rollout R5 完成...
[02:33:35]   0/8 rank 完成
[02:34:31]   6/8 rank 完成
[02:35:35]   0/8 rank 完成
[02:36:31]   7/8 rank 完成
[02:37:36]   0/8 rank 完成
[02:38:31]   7/8 rank 完成
[02:39:36]   0/8 rank 完成
[02:40:31]   7/8 rank 完成
[02:41:36]   0/8 rank 完成
[02:42:31]   7/8 rank 完成
[02:43:36]   0/8 rank 完成
[02:44:31]   7/8 rank 完成
[02:45:36]   0/8 rank 完成
[02:46:31]   7/8 rank 完成
[02:47:37]   0/8 rank 完成
[02:48:31]   7/8 rank 完成
[02:49:37]   0/8 rank 完成
[02:50:31]   7/8 rank 完成
[02:51:37]   0/8 rank 完成
[02:52:31]   8/8 rank 完成
[02:52:31]   Rollout R0 完成！
[02:52:31]   R0 训练数据: 6344 条 → /research/cbim/vast/mz751/Projects/DLLM-Searcher/dLLM_trainer/Agentic/output/offline_loop/offline_rollouts/round0/train_reward_a.jsonl
[02:52:31] 
[02:52:31] ========================================================
[02:52:31] Offline Rollout 全部生成完毕！共 1 轮
[02:52:31] ========================================================
[02:53:37]   0/8 rank 完成
[02:55:37]   0/8 rank 完成
[02:57:37]   0/8 rank 完成
[02:59:38]   0/8 rank 完成
[03:01:38]   0/8 rank 完成
[03:03:38]   0/8 rank 完成
[03:05:38]   0/8 rank 完成
[03:07:38]   0/8 rank 完成
[03:09:39]   0/8 rank 完成
[03:11:39]   0/8 rank 完成
[03:13:39]   0/8 rank 完成
[03:15:39]   0/8 rank 完成
[03:17:39]   0/8 rank 完成
[03:19:40]   0/8 rank 完成
[03:21:40]   0/8 rank 完成
[03:23:40]   0/8 rank 完成
[03:25:40]   0/8 rank 完成
[03:27:40]   0/8 rank 完成
[03:29:41]   0/8 rank 完成
