[23:39:45] ========================================================
[23:39:45] Offline Baseline [bs128] 启动  Mon Aug 24 11:39:45 PM EDT 2026
[23:39:45]   行为策略 : /research/cbim/vast/mz751/Projects/DLLM-Searcher/dLLM_trainer/SFT/dLLM-RL/sft_llada_x0pred_bs128/ckpt_4/optimized
[23:39:45]   block_size: 128  num_steps: 128
[23:39:45]   输出目录 : /research/cbim/vast/mz751/Projects/DLLM-Searcher/dLLM_trainer/Agentic/output/offline_loop_bs128
[23:39:45] ========================================================
[23:39:45] 
[23:39:45] Step 0: 生成 offline rollout (block_size=128)...
[23:39:45]   rank0 已启动 (GPU=0)
[23:40:05]   rank1 已启动 (GPU=1)
[23:40:25]   rank2 已启动 (GPU=2)
[23:40:45]   rank3 已启动 (GPU=3)
[23:41:05]   rank4 已启动 (GPU=4)
[23:41:25]   rank5 已启动 (GPU=5)
[23:41:45]   rank6 已启动 (GPU=6)
[23:42:05]   rank7 已启动 (GPU=7)
[23:42:05]   等待 rollout 完成（每 2 分钟汇报）...
[23:42:05]   7/8 rank 完成
[23:44:05]   8/8 rank 完成
[23:44:05]   Rollout 完成！
[23:44:05] 
[23:44:05] Step 1: 合并 offline rollout 并计算 reward...
[23:44:05]   合计: 0 条 rollout
读取 records: 0
问题数: 0
完整8条的问题: 0/0
Traceback (most recent call last):
  File "/research/cbim/vast/mz751/Projects/DLLM-Searcher/dLLM_trainer/Agentic/compute_rewards.py", line 499, in <module>
    main()
  File "/research/cbim/vast/mz751/Projects/DLLM-Searcher/dLLM_trainer/Agentic/compute_rewards.py", line 377, in main
    print(f"group 大小分布: min={min(group_sizes)}, max={max(group_sizes)}, mean={sum(group_sizes)/len(group_sizes):.1f}")
                                 ^^^^^^^^^^^^^^^^
ValueError: min() arg is an empty sequence
[23:44:05]   训练数据: 0 条 → /research/cbim/vast/mz751/Projects/DLLM-Searcher/dLLM_trainer/Agentic/output/offline_loop_bs128/all_train_reward_a.jsonl
[23:44:05] 
[23:44:05] Step 2: 训练 125 步 (block_length=128, save every 25 steps)...
[23:44:35] [ERROR] 训练失败 (exit=1)
[23:46:12] ========================================================
[23:46:12] Offline Baseline [bs128] 启动  Mon Aug 24 11:46:12 PM EDT 2026
[23:46:12]   行为策略 : /research/cbim/vast/mz751/Projects/DLLM-Searcher/dLLM_trainer/SFT/dLLM-RL/sft_llada_x0pred_bs128/ckpt_4/optimized
[23:46:12]   block_size: 128  num_steps: 128
[23:46:12]   输出目录 : /research/cbim/vast/mz751/Projects/DLLM-Searcher/dLLM_trainer/Agentic/output/offline_loop_bs128
[23:46:12] ========================================================
[23:46:12] 
[23:46:12] Step 0: 生成 offline rollout (block_size=128)...
[23:46:12]   pool.jsonl 已存在 (1024 题)，跳过
[23:46:12]   rank0 已启动 (GPU=0)
[23:46:32]   rank1 已启动 (GPU=1)
[23:46:52]   rank2 已启动 (GPU=2)
[23:47:13]   rank3 已启动 (GPU=3)
[23:47:33]   rank4 已启动 (GPU=4)
[23:47:53]   rank5 已启动 (GPU=5)
[23:48:13]   rank6 已启动 (GPU=6)
[23:48:33]   rank7 已启动 (GPU=7)
[23:48:33]   等待 rollout 完成（每 2 分钟汇报）...
[23:48:33]   2/8 rank 完成
[23:50:33]   7/8 rank 完成
[23:52:33]   7/8 rank 完成
[23:54:33]   7/8 rank 完成
[23:56:33]   7/8 rank 完成
[23:58:33]   7/8 rank 完成
[00:00:33]   7/8 rank 完成
[00:02:33]   7/8 rank 完成
[00:04:33]   7/8 rank 完成
[00:06:33]   7/8 rank 完成
[00:08:33]   7/8 rank 完成
[00:10:34]   7/8 rank 完成
[00:12:34]   7/8 rank 完成
[00:14:34]   7/8 rank 完成
[00:16:34]   7/8 rank 完成
[00:18:34]   7/8 rank 完成
[00:20:34]   7/8 rank 完成
[00:22:34]   7/8 rank 完成
[00:24:34]   7/8 rank 完成
[00:26:34]   7/8 rank 完成
[00:28:34]   7/8 rank 完成
[00:30:34]   7/8 rank 完成
[00:32:34]   7/8 rank 完成
[00:34:34]   7/8 rank 完成
[00:36:34]   7/8 rank 完成
[00:38:34]   7/8 rank 完成
[00:40:34]   7/8 rank 完成
[00:42:34]   7/8 rank 完成
[00:44:34]   7/8 rank 完成
[00:46:34]   7/8 rank 完成
[00:48:34]   7/8 rank 完成
[00:50:34]   7/8 rank 完成
[00:52:34]   7/8 rank 完成
[00:54:34]   7/8 rank 完成
[00:56:35]   7/8 rank 完成
[00:58:35]   7/8 rank 完成
[01:00:35]   7/8 rank 完成
[01:02:35]   7/8 rank 完成
[01:04:35]   7/8 rank 完成
[01:06:35]   7/8 rank 完成
[01:08:35]   7/8 rank 完成
[01:10:35]   7/8 rank 完成
[01:12:35]   7/8 rank 完成
[01:14:35]   7/8 rank 完成
[01:16:35]   7/8 rank 完成
[01:18:35]   7/8 rank 完成
[01:20:35]   7/8 rank 完成
[01:22:35]   7/8 rank 完成
[01:24:35]   7/8 rank 完成
[01:26:35]   7/8 rank 完成
[01:28:35]   7/8 rank 完成
[01:30:35]   7/8 rank 完成
[01:32:35]   7/8 rank 完成
[01:34:35]   7/8 rank 完成
[01:36:35]   7/8 rank 完成
[01:38:35]   7/8 rank 完成
[01:40:35]   7/8 rank 完成
[01:42:35]   7/8 rank 完成
[01:44:35]   7/8 rank 完成
[01:46:35]   7/8 rank 完成
[01:48:35]   7/8 rank 完成
[01:50:35]   7/8 rank 完成
[01:52:35]   7/8 rank 完成
[01:54:35]   7/8 rank 完成
[01:56:36]   7/8 rank 完成
[01:58:36]   7/8 rank 完成
[02:00:36]   7/8 rank 完成
[02:02:36]   7/8 rank 完成
[02:04:36]   7/8 rank 完成
[02:06:36]   7/8 rank 完成
[02:08:36]   7/8 rank 完成
[02:10:36]   7/8 rank 完成
[02:12:36]   7/8 rank 完成
[02:14:36]   7/8 rank 完成
[02:16:36]   7/8 rank 完成
[02:18:36]   7/8 rank 完成
[02:20:36]   7/8 rank 完成
[02:22:36]   7/8 rank 完成
[02:24:36]   7/8 rank 完成
[02:26:36]   7/8 rank 完成
[02:28:36]   7/8 rank 完成
[02:30:36]   7/8 rank 完成
[02:32:36]   7/8 rank 完成
[02:34:36]   7/8 rank 完成
[02:36:36]   7/8 rank 完成
[02:38:36]   7/8 rank 完成
[02:40:36]   7/8 rank 完成
[02:42:36]   7/8 rank 完成
[02:44:36]   7/8 rank 完成
[02:46:36]   7/8 rank 完成
[02:48:36]   7/8 rank 完成
[02:50:36]   7/8 rank 完成
[02:52:36]   7/8 rank 完成
[02:54:37]   7/8 rank 完成
[02:56:37]   7/8 rank 完成
[02:58:37]   7/8 rank 完成
[03:00:37]   7/8 rank 完成
[03:02:37]   7/8 rank 完成
[03:04:37]   7/8 rank 完成
[03:06:37]   7/8 rank 完成
[03:08:37]   7/8 rank 完成
[03:10:37]   7/8 rank 完成
[03:12:37]   7/8 rank 完成
[03:14:37]   7/8 rank 完成
[03:16:37]   7/8 rank 完成
[03:18:37]   7/8 rank 完成
[03:20:37]   7/8 rank 完成
[03:22:37]   7/8 rank 完成
[03:24:37]   7/8 rank 完成
[03:26:37]   7/8 rank 完成
[03:28:37]   7/8 rank 完成
[03:30:37]   7/8 rank 完成
[03:32:37]   7/8 rank 完成
[03:34:37]   7/8 rank 完成
[03:36:37]   7/8 rank 完成
[03:38:37]   7/8 rank 完成
[03:40:37]   7/8 rank 完成
[03:42:37]   7/8 rank 完成
[03:44:37]   7/8 rank 完成
[03:46:37]   7/8 rank 完成
[03:48:37]   7/8 rank 完成
[03:50:37]   7/8 rank 完成
[03:52:38]   7/8 rank 完成
[03:54:38]   7/8 rank 完成
[03:56:38]   7/8 rank 完成
[03:58:38]   7/8 rank 完成
[04:00:38]   7/8 rank 完成
[04:02:38]   7/8 rank 完成
[04:04:38]   7/8 rank 完成
[04:06:38]   7/8 rank 完成
[04:08:38]   7/8 rank 完成
[04:10:38]   7/8 rank 完成
[04:12:38]   7/8 rank 完成
[04:14:38]   7/8 rank 完成
[04:16:38]   7/8 rank 完成
[04:18:38]   7/8 rank 完成
[04:20:38]   7/8 rank 完成
[04:22:38]   7/8 rank 完成
[04:24:38]   7/8 rank 完成
[04:26:38]   7/8 rank 完成
[04:28:38]   7/8 rank 完成
[04:30:38]   7/8 rank 完成
[04:32:38]   7/8 rank 完成
[04:34:38]   7/8 rank 完成
[04:36:38]   7/8 rank 完成
[04:38:38]   7/8 rank 完成
[04:40:38]   7/8 rank 完成
[04:42:38]   7/8 rank 完成
[04:44:38]   7/8 rank 完成
[04:46:38]   7/8 rank 完成
[04:48:38]   7/8 rank 完成
[04:50:39]   7/8 rank 完成
[04:52:39]   7/8 rank 完成
[04:54:39]   7/8 rank 完成
[04:56:39]   7/8 rank 完成
[04:58:39]   7/8 rank 完成
[05:00:39]   7/8 rank 完成
[05:02:39]   7/8 rank 完成
[05:04:39]   7/8 rank 完成
[05:06:39]   7/8 rank 完成
[05:08:39]   7/8 rank 完成
[05:10:39]   7/8 rank 完成
[05:12:39]   7/8 rank 完成
[05:14:39]   7/8 rank 完成
[05:16:39]   7/8 rank 完成
[05:18:39]   7/8 rank 完成
[05:20:39]   7/8 rank 完成
[05:22:39]   7/8 rank 完成
[05:24:39]   7/8 rank 完成
[05:26:39]   7/8 rank 完成
[05:28:39]   7/8 rank 完成
[05:30:39]   7/8 rank 完成
[05:32:39]   7/8 rank 完成
[05:34:39]   7/8 rank 完成
[05:36:39]   7/8 rank 完成
[05:38:39]   7/8 rank 完成
[05:40:39]   7/8 rank 完成
[05:42:39]   7/8 rank 完成
[05:44:39]   7/8 rank 完成
[05:46:39]   7/8 rank 完成
[05:48:40]   7/8 rank 完成
[05:50:40]   7/8 rank 完成
[05:52:40]   7/8 rank 完成
[05:54:40]   7/8 rank 完成
[05:56:40]   7/8 rank 完成
[05:58:40]   7/8 rank 完成
[06:00:40]   7/8 rank 完成
[06:02:40]   7/8 rank 完成
[06:04:40]   7/8 rank 完成
[06:06:40]   7/8 rank 完成
[06:08:40]   7/8 rank 完成
[06:10:40]   7/8 rank 完成
[06:12:40]   7/8 rank 完成
[06:14:40]   7/8 rank 完成
[06:16:40]   7/8 rank 完成
[06:18:40]   7/8 rank 完成
[06:20:40]   7/8 rank 完成
[06:22:40]   7/8 rank 完成
[06:24:40]   7/8 rank 完成
[06:26:40]   7/8 rank 完成
[06:28:40]   7/8 rank 完成
[06:30:40]   7/8 rank 完成
[06:32:40]   7/8 rank 完成
[06:34:40]   7/8 rank 完成
[06:36:40]   7/8 rank 完成
[06:38:40]   7/8 rank 完成
[06:40:40]   7/8 rank 完成
[06:42:40]   7/8 rank 完成
[06:44:40]   7/8 rank 完成
[06:46:41]   7/8 rank 完成
[06:48:41]   7/8 rank 完成
[06:50:41]   7/8 rank 完成
[06:52:41]   7/8 rank 完成
[06:54:41]   7/8 rank 完成
[06:56:41]   7/8 rank 完成
[06:58:41]   7/8 rank 完成
[07:00:41]   7/8 rank 完成
[07:02:41]   7/8 rank 完成
[07:04:41]   7/8 rank 完成
[07:06:41]   7/8 rank 完成
[07:08:41]   7/8 rank 完成
[07:10:41]   7/8 rank 完成
[07:12:41]   7/8 rank 完成
[07:14:41]   7/8 rank 完成
[07:16:41]   7/8 rank 完成
[07:18:41]   7/8 rank 完成
[07:20:41]   7/8 rank 完成
[07:22:41]   7/8 rank 完成
[07:24:41]   7/8 rank 完成
[07:26:41]   7/8 rank 完成
[07:28:41]   7/8 rank 完成
[07:30:41]   7/8 rank 完成
[07:32:41]   7/8 rank 完成
[07:34:41]   7/8 rank 完成
[07:36:41]   7/8 rank 完成
[07:38:41]   7/8 rank 完成
[07:40:41]   7/8 rank 完成
[07:42:41]   7/8 rank 完成
[07:44:42]   7/8 rank 完成
[07:46:42]   7/8 rank 完成
[07:48:42]   7/8 rank 完成
[07:50:42]   7/8 rank 完成
[07:52:42]   7/8 rank 完成
[07:54:42]   7/8 rank 完成
[07:56:42]   7/8 rank 完成
[07:58:42]   7/8 rank 完成
[08:00:42]   7/8 rank 完成
[08:02:42]   7/8 rank 完成
[08:04:42]   7/8 rank 完成
[08:06:42]   7/8 rank 完成
[08:08:42]   7/8 rank 完成
[08:10:42]   7/8 rank 完成
[08:12:42]   7/8 rank 完成
[08:14:42]   7/8 rank 完成
[08:16:42]   7/8 rank 完成
[08:18:42]   7/8 rank 完成
[08:20:42]   7/8 rank 完成
[08:22:42]   7/8 rank 完成
[08:24:42]   7/8 rank 完成
[08:26:42]   7/8 rank 完成
[08:28:42]   7/8 rank 完成
[08:30:42]   7/8 rank 完成
[08:32:42]   7/8 rank 完成
[08:34:42]   7/8 rank 完成
[08:36:42]   7/8 rank 完成
[08:38:42]   6/8 rank 完成
[08:40:43]   4/8 rank 完成
[08:42:43]   3/8 rank 完成
[08:44:43]   2/8 rank 完成
[08:46:43]   2/8 rank 完成
[08:48:43]   2/8 rank 完成
[08:50:43]   2/8 rank 完成
[08:52:43]   3/8 rank 完成
[08:54:43]   2/8 rank 完成
[08:56:43]   2/8 rank 完成
[08:58:43]   2/8 rank 完成
[09:00:43]   2/8 rank 完成
[09:02:43]   2/8 rank 完成
[09:04:43]   2/8 rank 完成
[09:06:43]   2/8 rank 完成
[09:08:43]   2/8 rank 完成
[09:10:43]   2/8 rank 完成
[09:12:43]   2/8 rank 完成
[09:14:43]   2/8 rank 完成
[09:16:43]   2/8 rank 完成
[09:18:43]   2/8 rank 完成
[09:20:43]   2/8 rank 完成
[09:22:43]   2/8 rank 完成
[09:24:43]   2/8 rank 完成
[09:26:43]   2/8 rank 完成
[09:28:43]   2/8 rank 完成
[09:30:43]   2/8 rank 完成
[09:32:43]   2/8 rank 完成
[09:34:44]   2/8 rank 完成
[09:36:44]   2/8 rank 完成
[09:38:44]   2/8 rank 完成
[09:40:44]   2/8 rank 完成
[09:42:44]   2/8 rank 完成
[09:44:44]   2/8 rank 完成
[09:46:44]   2/8 rank 完成
[09:48:44]   2/8 rank 完成
[09:50:44]   2/8 rank 完成
[09:52:44]   2/8 rank 完成
[09:54:44]   2/8 rank 完成
[09:56:44]   2/8 rank 完成
[09:58:44]   2/8 rank 完成
[10:00:44]   2/8 rank 完成
[10:02:44]   2/8 rank 完成
[10:04:44]   2/8 rank 完成
[10:06:44]   2/8 rank 完成
[10:08:44]   2/8 rank 完成
[10:10:44]   2/8 rank 完成
[10:12:44]   2/8 rank 完成
[10:14:44]   2/8 rank 完成
[10:16:44]   2/8 rank 完成
[10:18:44]   2/8 rank 完成
[10:20:44]   2/8 rank 完成
[10:22:44]   2/8 rank 完成
[10:24:44]   2/8 rank 完成
[10:26:44]   2/8 rank 完成
[10:28:45]   2/8 rank 完成
[10:30:45]   2/8 rank 完成
[10:32:45]   2/8 rank 完成
[10:34:45]   2/8 rank 完成
[10:36:45]   2/8 rank 完成
[10:38:45]   2/8 rank 完成
[10:40:45]   2/8 rank 完成
[10:42:45]   2/8 rank 完成
[10:44:45]   2/8 rank 完成
[10:46:45]   2/8 rank 完成
[10:48:45]   2/8 rank 完成
[10:50:45]   2/8 rank 完成
[10:52:45]   2/8 rank 完成
[10:54:45]   2/8 rank 完成
[10:56:45]   2/8 rank 完成
[10:58:45]   2/8 rank 完成
[11:00:45]   2/8 rank 完成
[11:02:45]   2/8 rank 完成
[11:04:45]   2/8 rank 完成
[11:06:45]   2/8 rank 完成
[11:08:45]   2/8 rank 完成
[11:10:45]   2/8 rank 完成
[11:12:45]   2/8 rank 完成
[11:14:45]   2/8 rank 完成
[11:16:45]   2/8 rank 完成
[11:18:45]   2/8 rank 完成
[11:20:46]   2/8 rank 完成
[11:22:46]   2/8 rank 完成
[11:24:46]   2/8 rank 完成
[11:26:46]   2/8 rank 完成
[11:28:46]   2/8 rank 完成
[11:30:46]   2/8 rank 完成
[11:32:46]   2/8 rank 完成
[11:34:46]   2/8 rank 完成
[11:36:46]   2/8 rank 完成
[11:38:46]   2/8 rank 完成
[11:40:46]   2/8 rank 完成
[11:42:46]   2/8 rank 完成
[11:44:46]   2/8 rank 完成
[11:46:46]   2/8 rank 完成
[11:48:46]   2/8 rank 完成
[11:50:46]   2/8 rank 完成
[11:52:46]   2/8 rank 完成
[11:54:46]   2/8 rank 完成
[11:56:46]   2/8 rank 完成
[11:58:46]   2/8 rank 完成
[12:00:46]   2/8 rank 完成
[12:02:46]   2/8 rank 完成
[12:04:46]   2/8 rank 完成
[12:06:46]   2/8 rank 完成
[12:08:46]   2/8 rank 完成
[12:10:46]   2/8 rank 完成
[12:12:46]   2/8 rank 完成
[12:14:47]   2/8 rank 完成
[12:16:47]   2/8 rank 完成
[12:18:47]   2/8 rank 完成
[12:20:47]   2/8 rank 完成
[12:22:47]   2/8 rank 完成
[12:24:47]   2/8 rank 完成
[12:26:47]   2/8 rank 完成
[12:28:47]   2/8 rank 完成
[12:30:47]   2/8 rank 完成
[12:32:47]   2/8 rank 完成
[12:34:47]   2/8 rank 完成
[12:36:47]   2/8 rank 完成
[12:38:47]   2/8 rank 完成
[12:40:47]   2/8 rank 完成
[12:42:47]   2/8 rank 完成
[12:44:47]   2/8 rank 完成
[12:46:47]   2/8 rank 完成
[12:48:47]   2/8 rank 完成
[12:50:47]   2/8 rank 完成
[12:52:47]   2/8 rank 完成
[12:54:47]   2/8 rank 完成
[12:56:47]   2/8 rank 完成
[12:58:47]   2/8 rank 完成
[13:00:47]   2/8 rank 完成
[13:02:47]   2/8 rank 完成
[13:04:47]   2/8 rank 完成
[13:06:48]   2/8 rank 完成
[13:08:48]   2/8 rank 完成
[13:10:48]   2/8 rank 完成
[13:12:48]   2/8 rank 完成
[13:14:48]   2/8 rank 完成
[13:16:48]   2/8 rank 完成
[13:18:48]   2/8 rank 完成
[13:20:48]   2/8 rank 完成
[13:22:48]   2/8 rank 完成
[13:24:48]   2/8 rank 完成
[13:26:48]   2/8 rank 完成
[13:28:48]   2/8 rank 完成
[13:30:48]   2/8 rank 完成
[13:32:48]   2/8 rank 完成
[13:34:48]   2/8 rank 完成
[13:36:48]   2/8 rank 完成
[13:38:48]   2/8 rank 完成
[13:40:48]   2/8 rank 完成
[13:42:48]   2/8 rank 完成
[13:44:48]   2/8 rank 完成
[13:46:48]   2/8 rank 完成
[13:48:48]   2/8 rank 完成
[13:50:48]   2/8 rank 完成
[13:52:48]   2/8 rank 完成
[13:54:48]   2/8 rank 完成
[13:56:48]   2/8 rank 完成
[13:58:48]   2/8 rank 完成
[14:00:49]   2/8 rank 完成
[14:02:49]   2/8 rank 完成
[14:04:49]   2/8 rank 完成
[14:06:49]   2/8 rank 完成
[14:08:49]   2/8 rank 完成
[14:10:49]   2/8 rank 完成
[14:12:49]   2/8 rank 完成
[14:14:49]   2/8 rank 完成
[14:16:49]   2/8 rank 完成
[14:18:49]   2/8 rank 完成
[14:20:49]   2/8 rank 完成
[14:22:49]   2/8 rank 完成
[14:24:49]   2/8 rank 完成
[14:26:49]   2/8 rank 完成
[14:28:49]   2/8 rank 完成
[14:30:49]   2/8 rank 完成
[14:32:49]   2/8 rank 完成
[14:34:49]   2/8 rank 完成
[14:36:49]   2/8 rank 完成
[14:38:49]   2/8 rank 完成
[14:40:49]   2/8 rank 完成
[14:42:49]   2/8 rank 完成
[14:44:49]   2/8 rank 完成
[14:46:49]   2/8 rank 完成
[14:48:49]   2/8 rank 完成
[14:50:49]   2/8 rank 完成
[14:52:49]   2/8 rank 完成
[14:54:50]   2/8 rank 完成
[14:56:50]   2/8 rank 完成
[14:58:50]   2/8 rank 完成
[15:00:50]   2/8 rank 完成
[15:02:50]   2/8 rank 完成
[15:04:50]   2/8 rank 完成
[15:06:50]   2/8 rank 完成
[15:08:50]   2/8 rank 完成
[15:10:50]   2/8 rank 完成
[15:12:50]   2/8 rank 完成
[15:14:50]   2/8 rank 完成
[15:16:50]   2/8 rank 完成
[15:18:50]   2/8 rank 完成
[15:20:50]   2/8 rank 完成
[15:22:50]   2/8 rank 完成
[15:24:50]   2/8 rank 完成
[15:26:50]   2/8 rank 完成
[15:28:50]   8/8 rank 完成
[15:28:50]   Rollout 完成！
[15:28:50] 
[15:28:50] Step 1: 合并 offline rollout 并计算 reward...
[15:28:51]   合计: 4190 条 rollout
读取 records: 4190
问题数: 363
完整8条的问题: 324/363
group 大小分布: min=1, max=56, mean=11.5

=== Phase 3 Reward 计算完成 ===
  总 records         : 4190
  总 questions        : 363
  完整8条 groups      : 324
  跳过（group<8）  : 7
  Reward A zero-var  : 46
  Reward B zero-var  : 32
  train_reward_a     : 3726 records → /research/cbim/vast/mz751/Projects/DLLM-Searcher/dLLM_trainer/Agentic/output/offline_loop_bs128/train_reward_a.jsonl
  train_reward_b     : 3886 records → /research/cbim/vast/mz751/Projects/DLLM-Searcher/dLLM_trainer/Agentic/output/offline_loop_bs128/train_reward_b.jsonl

--- Reward A 分布 (3726 records) ---
  mean F1       : 0.200
  F1>0 / >0.5 / >0.8 : 55.4% / 11.9% / 11.1%
  answer rate   : 3487/3726 = 93.6%
  no-answer     : 239/3726 = 6.4%
  by type:
    date                : n= 408  mean=0.353
    entity              : n=2371  mean=0.135
    list                : n=  88  mean=0.050
    number              : n=  88  mean=0.082
    yes_no              : n= 771  mean=0.350

--- Reward B 分布 (3886 records) ---
  mean F1       : 0.171
  F1>0 / >0.5 / >0.8 : 53.1% / 11.4% / 10.7%
  answer rate   : 3623/3886 = 93.2%
  no-answer     : 263/3886 = 6.8%
  by type:
    date                : n= 416  mean=0.321
    entity              : n=2443  mean=0.111
    list                : n=  96  mean=0.027
    number              : n= 152  mean=0.032
    yes_no              : n= 779  mean=0.327

完成！
[15:28:52]   训练数据: 3726 条 → /research/cbim/vast/mz751/Projects/DLLM-Searcher/dLLM_trainer/Agentic/output/offline_loop_bs128/all_train_reward_a.jsonl
[15:28:52] 
[15:28:52] Step 2: 训练 125 步 (block_length=128, save every 25 steps)...
[15:29:22] [ERROR] 训练失败 (exit=1)
