==============================
LLaDA SFT Continued (ckpt_6 → +5 epochs)
GPUs: 0,1,2,3,4,5,6,7 (8 GPUs)
Accel config: accelerate_configs/1_node_8_gpus_deepspeed_zero3.yaml
==============================
W0724 18:06:21.948000 3682697 site-packages/torch/distributed/run.py:792] 
W0724 18:06:21.948000 3682697 site-packages/torch/distributed/run.py:792] *****************************************
W0724 18:06:21.948000 3682697 site-packages/torch/distributed/run.py:792] Setting OMP_NUM_THREADS environment variable for each process to be 1 in default, to avoid your system being overloaded, please further tune the variable for optimal performance in your application as needed. 
W0724 18:06:21.948000 3682697 site-packages/torch/distributed/run.py:792] *****************************************
/research/cbim/vast/mz751/miniforge3/envs/dllm-rl/lib/python3.10/site-packages/flash_attn/ops/triton/layer_norm.py:959: FutureWarning: `torch.cuda.amp.custom_fwd(args...)` is deprecated. Please use `torch.amp.custom_fwd(args..., device_type='cuda')` instead.
  def forward(
/research/cbim/vast/mz751/miniforge3/envs/dllm-rl/lib/python3.10/site-packages/flash_attn/ops/triton/layer_norm.py:1018: FutureWarning: `torch.cuda.amp.custom_bwd(args...)` is deprecated. Please use `torch.amp.custom_bwd(args..., device_type='cuda')` instead.
  def backward(ctx, dout, *args):
/research/cbim/vast/mz751/miniforge3/envs/dllm-rl/lib/python3.10/site-packages/flash_attn/ops/triton/layer_norm.py:959: FutureWarning: `torch.cuda.amp.custom_fwd(args...)` is deprecated. Please use `torch.amp.custom_fwd(args..., device_type='cuda')` instead.
  def forward(
/research/cbim/vast/mz751/miniforge3/envs/dllm-rl/lib/python3.10/site-packages/flash_attn/ops/triton/layer_norm.py:1018: FutureWarning: `torch.cuda.amp.custom_bwd(args...)` is deprecated. Please use `torch.amp.custom_bwd(args..., device_type='cuda')` instead.
  def backward(ctx, dout, *args):
/research/cbim/vast/mz751/miniforge3/envs/dllm-rl/lib/python3.10/site-packages/flash_attn/ops/triton/layer_norm.py:959: FutureWarning: `torch.cuda.amp.custom_fwd(args...)` is deprecated. Please use `torch.amp.custom_fwd(args..., device_type='cuda')` instead.
  def forward(
/research/cbim/vast/mz751/miniforge3/envs/dllm-rl/lib/python3.10/site-packages/flash_attn/ops/triton/layer_norm.py:1018: FutureWarning: `torch.cuda.amp.custom_bwd(args...)` is deprecated. Please use `torch.amp.custom_bwd(args..., device_type='cuda')` instead.
  def backward(ctx, dout, *args):
/research/cbim/vast/mz751/miniforge3/envs/dllm-rl/lib/python3.10/site-packages/flash_attn/ops/triton/layer_norm.py:959: FutureWarning: `torch.cuda.amp.custom_fwd(args...)` is deprecated. Please use `torch.amp.custom_fwd(args..., device_type='cuda')` instead.
  def forward(
/research/cbim/vast/mz751/miniforge3/envs/dllm-rl/lib/python3.10/site-packages/flash_attn/ops/triton/layer_norm.py:1018: FutureWarning: `torch.cuda.amp.custom_bwd(args...)` is deprecated. Please use `torch.amp.custom_bwd(args..., device_type='cuda')` instead.
  def backward(ctx, dout, *args):
/research/cbim/vast/mz751/miniforge3/envs/dllm-rl/lib/python3.10/site-packages/flash_attn/ops/triton/layer_norm.py:959: FutureWarning: `torch.cuda.amp.custom_fwd(args...)` is deprecated. Please use `torch.amp.custom_fwd(args..., device_type='cuda')` instead.
  def forward(
/research/cbim/vast/mz751/miniforge3/envs/dllm-rl/lib/python3.10/site-packages/flash_attn/ops/triton/layer_norm.py:1018: FutureWarning: `torch.cuda.amp.custom_bwd(args...)` is deprecated. Please use `torch.amp.custom_bwd(args..., device_type='cuda')` instead.
  def backward(ctx, dout, *args):
/research/cbim/vast/mz751/miniforge3/envs/dllm-rl/lib/python3.10/site-packages/flash_attn/ops/triton/layer_norm.py:959: FutureWarning: `torch.cuda.amp.custom_fwd(args...)` is deprecated. Please use `torch.amp.custom_fwd(args..., device_type='cuda')` instead.
  def forward(
/research/cbim/vast/mz751/miniforge3/envs/dllm-rl/lib/python3.10/site-packages/flash_attn/ops/triton/layer_norm.py:1018: FutureWarning: `torch.cuda.amp.custom_bwd(args...)` is deprecated. Please use `torch.amp.custom_bwd(args..., device_type='cuda')` instead.
  def backward(ctx, dout, *args):
/research/cbim/vast/mz751/miniforge3/envs/dllm-rl/lib/python3.10/site-packages/flash_attn/ops/triton/layer_norm.py:959: FutureWarning: `torch.cuda.amp.custom_fwd(args...)` is deprecated. Please use `torch.amp.custom_fwd(args..., device_type='cuda')` instead.
  def forward(
/research/cbim/vast/mz751/miniforge3/envs/dllm-rl/lib/python3.10/site-packages/flash_attn/ops/triton/layer_norm.py:1018: FutureWarning: `torch.cuda.amp.custom_bwd(args...)` is deprecated. Please use `torch.amp.custom_bwd(args..., device_type='cuda')` instead.
  def backward(ctx, dout, *args):
/research/cbim/vast/mz751/miniforge3/envs/dllm-rl/lib/python3.10/site-packages/flash_attn/ops/triton/layer_norm.py:959: FutureWarning: `torch.cuda.amp.custom_fwd(args...)` is deprecated. Please use `torch.amp.custom_fwd(args..., device_type='cuda')` instead.
  def forward(
/research/cbim/vast/mz751/miniforge3/envs/dllm-rl/lib/python3.10/site-packages/flash_attn/ops/triton/layer_norm.py:1018: FutureWarning: `torch.cuda.amp.custom_bwd(args...)` is deprecated. Please use `torch.amp.custom_bwd(args..., device_type='cuda')` instead.
  def backward(ctx, dout, *args):
🚨 Config not found for sdar. You can manually add it to HARDCODED_CONFIG_FOR_MODELS in utils/args_doc.py🚨 Config not found for sdar. You can manually add it to HARDCODED_CONFIG_FOR_MODELS in utils/args_doc.py

🚨 Config not found for sdar. You can manually add it to HARDCODED_CONFIG_FOR_MODELS in utils/args_doc.py🚨 Config not found for sdar. You can manually add it to HARDCODED_CONFIG_FOR_MODELS in utils/args_doc.py

🚨 `store_kv` is part of SDARModel.forward's signature, but not documented. Make sure to add it to the docstring of the function in /research/cbim/vast/mz751/Projects/DLLM-Searcher/dLLM_trainer/SFT/dLLM-RL/models/sdar/modeling_sdar.py.🚨 `store_kv` is part of SDARModel.forward's signature, but not documented. Make sure to add it to the docstring of the function in /research/cbim/vast/mz751/Projects/DLLM-Searcher/dLLM_trainer/SFT/dLLM-RL/models/sdar/modeling_sdar.py.

🚨 Config not found for sdar. You can manually add it to HARDCODED_CONFIG_FOR_MODELS in utils/args_doc.py🚨 Config not found for sdar. You can manually add it to HARDCODED_CONFIG_FOR_MODELS in utils/args_doc.py

🚨 Config not found for sdar. You can manually add it to HARDCODED_CONFIG_FOR_MODELS in utils/args_doc.py🚨 Config not found for sdar. You can manually add it to HARDCODED_CONFIG_FOR_MODELS in utils/args_doc.py

🚨 Config not found for sdar. You can manually add it to HARDCODED_CONFIG_FOR_MODELS in utils/args_doc.py
🚨 Config not found for sdar. You can manually add it to HARDCODED_CONFIG_FOR_MODELS in utils/args_doc.py
Resuming from checkpoint: /research/cbim/vast/mz751/Projects/DLLM-Searcher/dLLM_trainer/SFT/dLLM-RL/sft_llada_continued/ckpt_0/optimizedResuming from checkpoint: /research/cbim/vast/mz751/Projects/DLLM-Searcher/dLLM_trainer/SFT/dLLM-RL/sft_llada_continued/ckpt_0/optimized

🚨 Config not found for sdar. You can manually add it to HARDCODED_CONFIG_FOR_MODELS in utils/args_doc.py
🚨 Config not found for sdar. You can manually add it to HARDCODED_CONFIG_FOR_MODELS in utils/args_doc.py
🚨 `store_kv` is part of SDARModel.forward's signature, but not documented. Make sure to add it to the docstring of the function in /research/cbim/vast/mz751/Projects/DLLM-Searcher/dLLM_trainer/SFT/dLLM-RL/models/sdar/modeling_sdar.py.
🚨 Config not found for sdar. You can manually add it to HARDCODED_CONFIG_FOR_MODELS in utils/args_doc.py
🚨 Config not found for sdar. You can manually add it to HARDCODED_CONFIG_FOR_MODELS in utils/args_doc.py
🚨 Config not found for sdar. You can manually add it to HARDCODED_CONFIG_FOR_MODELS in utils/args_doc.py
🚨 Config not found for sdar. You can manually add it to HARDCODED_CONFIG_FOR_MODELS in utils/args_doc.py
🚨 Config not found for sdar. You can manually add it to HARDCODED_CONFIG_FOR_MODELS in utils/args_doc.py
🚨 `store_kv` is part of SDARModel.forward's signature, but not documented. Make sure to add it to the docstring of the function in /research/cbim/vast/mz751/Projects/DLLM-Searcher/dLLM_trainer/SFT/dLLM-RL/models/sdar/modeling_sdar.py.
🚨 Config not found for sdar. You can manually add it to HARDCODED_CONFIG_FOR_MODELS in utils/args_doc.py
🚨 Config not found for sdar. You can manually add it to HARDCODED_CONFIG_FOR_MODELS in utils/args_doc.py
🚨 Config not found for sdar. You can manually add it to HARDCODED_CONFIG_FOR_MODELS in utils/args_doc.py
🚨 Config not found for sdar. You can manually add it to HARDCODED_CONFIG_FOR_MODELS in utils/args_doc.py
🚨 Config not found for sdar. You can manually add it to HARDCODED_CONFIG_FOR_MODELS in utils/args_doc.py
🚨 `store_kv` is part of SDARModel.forward's signature, but not documented. Make sure to add it to the docstring of the function in /research/cbim/vast/mz751/Projects/DLLM-Searcher/dLLM_trainer/SFT/dLLM-RL/models/sdar/modeling_sdar.py.
🚨 Config not found for sdar. You can manually add it to HARDCODED_CONFIG_FOR_MODELS in utils/args_doc.py
🚨 Config not found for sdar. You can manually add it to HARDCODED_CONFIG_FOR_MODELS in utils/args_doc.py
Resuming from checkpoint: /research/cbim/vast/mz751/Projects/DLLM-Searcher/dLLM_trainer/SFT/dLLM-RL/sft_llada_continued/ckpt_0/optimized
🚨 Config not found for sdar. You can manually add it to HARDCODED_CONFIG_FOR_MODELS in utils/args_doc.py
🚨 Config not found for sdar. You can manually add it to HARDCODED_CONFIG_FOR_MODELS in utils/args_doc.py
🚨 Config not found for sdar. You can manually add it to HARDCODED_CONFIG_FOR_MODELS in utils/args_doc.py
🚨 `store_kv` is part of SDARModel.forward's signature, but not documented. Make sure to add it to the docstring of the function in /research/cbim/vast/mz751/Projects/DLLM-Searcher/dLLM_trainer/SFT/dLLM-RL/models/sdar/modeling_sdar.py.
🚨 Config not found for sdar. You can manually add it to HARDCODED_CONFIG_FOR_MODELS in utils/args_doc.py
Resuming from checkpoint: /research/cbim/vast/mz751/Projects/DLLM-Searcher/dLLM_trainer/SFT/dLLM-RL/sft_llada_continued/ckpt_0/optimized
🚨 Config not found for sdar. You can manually add it to HARDCODED_CONFIG_FOR_MODELS in utils/args_doc.py
🚨 Config not found for sdar. You can manually add it to HARDCODED_CONFIG_FOR_MODELS in utils/args_doc.py
Resuming from checkpoint: /research/cbim/vast/mz751/Projects/DLLM-Searcher/dLLM_trainer/SFT/dLLM-RL/sft_llada_continued/ckpt_0/optimized
Resuming from checkpoint: /research/cbim/vast/mz751/Projects/DLLM-Searcher/dLLM_trainer/SFT/dLLM-RL/sft_llada_continued/ckpt_0/optimized
🚨 Config not found for sdar. You can manually add it to HARDCODED_CONFIG_FOR_MODELS in utils/args_doc.py
🚨 Config not found for sdar. You can manually add it to HARDCODED_CONFIG_FOR_MODELS in utils/args_doc.py
🚨 `store_kv` is part of SDARModel.forward's signature, but not documented. Make sure to add it to the docstring of the function in /research/cbim/vast/mz751/Projects/DLLM-Searcher/dLLM_trainer/SFT/dLLM-RL/models/sdar/modeling_sdar.py.
🚨 Config not found for sdar. You can manually add it to HARDCODED_CONFIG_FOR_MODELS in utils/args_doc.py
🚨 Config not found for sdar. You can manually add it to HARDCODED_CONFIG_FOR_MODELS in utils/args_doc.py
🚨 Config not found for sdar. You can manually add it to HARDCODED_CONFIG_FOR_MODELS in utils/args_doc.py
Resuming from checkpoint: /research/cbim/vast/mz751/Projects/DLLM-Searcher/dLLM_trainer/SFT/dLLM-RL/sft_llada_continued/ckpt_0/optimized
Warning: The cache directory for DeepSpeed Triton autotune, /research/cbim/vast/mz751/.triton/autotune, appears to be on an NFS system. While this is generally acceptable, if you experience slowdowns or hanging when DeepSpeed exits, it is recommended to set the TRITON_CACHE_DIR environment variable to a non-NFS path.Warning: The cache directory for DeepSpeed Triton autotune, /research/cbim/vast/mz751/.triton/autotune, appears to be on an NFS system. While this is generally acceptable, if you experience slowdowns or hanging when DeepSpeed exits, it is recommended to set the TRITON_CACHE_DIR environment variable to a non-NFS path.

🚨 Config not found for sdar. You can manually add it to HARDCODED_CONFIG_FOR_MODELS in utils/args_doc.py
🚨 Config not found for sdar. You can manually add it to HARDCODED_CONFIG_FOR_MODELS in utils/args_doc.py
🚨 `store_kv` is part of SDARModel.forward's signature, but not documented. Make sure to add it to the docstring of the function in /research/cbim/vast/mz751/Projects/DLLM-Searcher/dLLM_trainer/SFT/dLLM-RL/models/sdar/modeling_sdar.py.
🚨 Config not found for sdar. You can manually add it to HARDCODED_CONFIG_FOR_MODELS in utils/args_doc.py
🚨 Config not found for sdar. You can manually add it to HARDCODED_CONFIG_FOR_MODELS in utils/args_doc.py
🚨 Config not found for sdar. You can manually add it to HARDCODED_CONFIG_FOR_MODELS in utils/args_doc.py
Resuming from checkpoint: /research/cbim/vast/mz751/Projects/DLLM-Searcher/dLLM_trainer/SFT/dLLM-RL/sft_llada_continued/ckpt_0/optimized
Warning: The cache directory for DeepSpeed Triton autotune, /research/cbim/vast/mz751/.triton/autotune, appears to be on an NFS system. While this is generally acceptable, if you experience slowdowns or hanging when DeepSpeed exits, it is recommended to set the TRITON_CACHE_DIR environment variable to a non-NFS path.
Warning: The cache directory for DeepSpeed Triton autotune, /research/cbim/vast/mz751/.triton/autotune, appears to be on an NFS system. While this is generally acceptable, if you experience slowdowns or hanging when DeepSpeed exits, it is recommended to set the TRITON_CACHE_DIR environment variable to a non-NFS path.
Warning: The cache directory for DeepSpeed Triton autotune, /research/cbim/vast/mz751/.triton/autotune, appears to be on an NFS system. While this is generally acceptable, if you experience slowdowns or hanging when DeepSpeed exits, it is recommended to set the TRITON_CACHE_DIR environment variable to a non-NFS path.
Warning: The cache directory for DeepSpeed Triton autotune, /research/cbim/vast/mz751/.triton/autotune, appears to be on an NFS system. While this is generally acceptable, if you experience slowdowns or hanging when DeepSpeed exits, it is recommended to set the TRITON_CACHE_DIR environment variable to a non-NFS path.
Warning: The cache directory for DeepSpeed Triton autotune, /research/cbim/vast/mz751/.triton/autotune, appears to be on an NFS system. While this is generally acceptable, if you experience slowdowns or hanging when DeepSpeed exits, it is recommended to set the TRITON_CACHE_DIR environment variable to a non-NFS path.
Warning: The cache directory for DeepSpeed Triton autotune, /research/cbim/vast/mz751/.triton/autotune, appears to be on an NFS system. While this is generally acceptable, if you experience slowdowns or hanging when DeepSpeed exits, it is recommended to set the TRITON_CACHE_DIR environment variable to a non-NFS path.
07/24/2026 18:06:44 - INFO - __main__ - Distributed environment: DEEPSPEED  Backend: nccl
Num processes: 8
Process index: 0
Local process index: 0
Device: cuda:0

Mixed precision type: bf16
ds_config: {'train_batch_size': 'auto', 'train_micro_batch_size_per_gpu': 'auto', 'gradient_accumulation_steps': 'auto', 'zero_optimization': {'stage': 3, 'offload_optimizer': {'device': 'cpu', 'nvme_path': None}, 'offload_param': {'device': 'cpu', 'nvme_path': None}, 'stage3_gather_16bit_weights_on_model_save': True}, 'gradient_clipping': 'auto', 'steps_per_print': inf, 'bf16': {'enabled': True}, 'fp16': {'enabled': False}}

07/24/2026 18:06:45 - INFO - __main__ - Distributed environment: DEEPSPEED  Backend: nccl
Num processes: 8
Process index: 1
Local process index: 1
Device: cuda:1

Mixed precision type: bf16
ds_config: {'train_batch_size': 'auto', 'train_micro_batch_size_per_gpu': 'auto', 'gradient_accumulation_steps': 'auto', 'zero_optimization': {'stage': 3, 'offload_optimizer': {'device': 'cpu', 'nvme_path': None}, 'offload_param': {'device': 'cpu', 'nvme_path': None}, 'stage3_gather_16bit_weights_on_model_save': True}, 'gradient_clipping': 'auto', 'steps_per_print': inf, 'bf16': {'enabled': True}, 'fp16': {'enabled': False}}

wandb: [wandb.login()] Loaded credentials for https://api.wandb.ai from /research/cbim/vast/mz751/.netrc.
07/24/2026 18:06:45 - INFO - __main__ - Distributed environment: DEEPSPEED  Backend: nccl
Num processes: 8
Process index: 6
Local process index: 6
Device: cuda:6

Mixed precision type: bf16
ds_config: {'train_batch_size': 'auto', 'train_micro_batch_size_per_gpu': 'auto', 'gradient_accumulation_steps': 'auto', 'zero_optimization': {'stage': 3, 'offload_optimizer': {'device': 'cpu', 'nvme_path': None}, 'offload_param': {'device': 'cpu', 'nvme_path': None}, 'stage3_gather_16bit_weights_on_model_save': True}, 'gradient_clipping': 'auto', 'steps_per_print': inf, 'bf16': {'enabled': True}, 'fp16': {'enabled': False}}

07/24/2026 18:06:45 - INFO - __main__ - Distributed environment: DEEPSPEED  Backend: nccl
Num processes: 8
Process index: 5
Local process index: 5
Device: cuda:5

Mixed precision type: bf16
ds_config: {'train_batch_size': 'auto', 'train_micro_batch_size_per_gpu': 'auto', 'gradient_accumulation_steps': 'auto', 'zero_optimization': {'stage': 3, 'offload_optimizer': {'device': 'cpu', 'nvme_path': None}, 'offload_param': {'device': 'cpu', 'nvme_path': None}, 'stage3_gather_16bit_weights_on_model_save': True}, 'gradient_clipping': 'auto', 'steps_per_print': inf, 'bf16': {'enabled': True}, 'fp16': {'enabled': False}}

07/24/2026 18:06:45 - INFO - __main__ - Distributed environment: DEEPSPEED  Backend: nccl
Num processes: 8
Process index: 2
Local process index: 2
Device: cuda:2

Mixed precision type: bf16
ds_config: {'train_batch_size': 'auto', 'train_micro_batch_size_per_gpu': 'auto', 'gradient_accumulation_steps': 'auto', 'zero_optimization': {'stage': 3, 'offload_optimizer': {'device': 'cpu', 'nvme_path': None}, 'offload_param': {'device': 'cpu', 'nvme_path': None}, 'stage3_gather_16bit_weights_on_model_save': True}, 'gradient_clipping': 'auto', 'steps_per_print': inf, 'bf16': {'enabled': True}, 'fp16': {'enabled': False}}

07/24/2026 18:06:45 - INFO - __main__ - Distributed environment: DEEPSPEED  Backend: nccl
Num processes: 8
Process index: 7
Local process index: 7
Device: cuda:7

Mixed precision type: bf16
ds_config: {'train_batch_size': 'auto', 'train_micro_batch_size_per_gpu': 'auto', 'gradient_accumulation_steps': 'auto', 'zero_optimization': {'stage': 3, 'offload_optimizer': {'device': 'cpu', 'nvme_path': None}, 'offload_param': {'device': 'cpu', 'nvme_path': None}, 'stage3_gather_16bit_weights_on_model_save': True}, 'gradient_clipping': 'auto', 'steps_per_print': inf, 'bf16': {'enabled': True}, 'fp16': {'enabled': False}}

07/24/2026 18:06:45 - INFO - __main__ - Distributed environment: DEEPSPEED  Backend: nccl
Num processes: 8
Process index: 3
Local process index: 3
Device: cuda:3

Mixed precision type: bf16
ds_config: {'train_batch_size': 'auto', 'train_micro_batch_size_per_gpu': 'auto', 'gradient_accumulation_steps': 'auto', 'zero_optimization': {'stage': 3, 'offload_optimizer': {'device': 'cpu', 'nvme_path': None}, 'offload_param': {'device': 'cpu', 'nvme_path': None}, 'stage3_gather_16bit_weights_on_model_save': True}, 'gradient_clipping': 'auto', 'steps_per_print': inf, 'bf16': {'enabled': True}, 'fp16': {'enabled': False}}

wandb: Currently logged in as: mz751 (mz751-rutgers-university) to https://api.wandb.ai. Use `wandb login --relogin` to force relogin
07/24/2026 18:06:45 - INFO - __main__ - Distributed environment: DEEPSPEED  Backend: nccl
Num processes: 8
Process index: 4
Local process index: 4
Device: cuda:4

Mixed precision type: bf16
ds_config: {'train_batch_size': 'auto', 'train_micro_batch_size_per_gpu': 'auto', 'gradient_accumulation_steps': 'auto', 'zero_optimization': {'stage': 3, 'offload_optimizer': {'device': 'cpu', 'nvme_path': None}, 'offload_param': {'device': 'cpu', 'nvme_path': None}, 'stage3_gather_16bit_weights_on_model_save': True}, 'gradient_clipping': 'auto', 'steps_per_print': inf, 'bf16': {'enabled': True}, 'fp16': {'enabled': False}}

wandb: setting up run 39nnvt6r
[rank5]: Traceback (most recent call last):
[rank5]:   File "/research/cbim/vast/mz751/Projects/DLLM-Searcher/dLLM_trainer/SFT/dLLM-RL/train/sft_llada.py", line 495, in <module>
[rank5]:     main()
[rank5]:   File "/research/cbim/vast/mz751/Projects/DLLM-Searcher/dLLM_trainer/SFT/dLLM-RL/train/sft_llada.py", line 121, in main
[rank5]:     model = AutoModelForCausalLM.from_pretrained(
[rank5]:   File "/research/cbim/vast/mz751/miniforge3/envs/dllm-rl/lib/python3.10/site-packages/transformers/models/auto/auto_factory.py", line 558, in from_pretrained
[rank5]:     model_class = get_class_from_dynamic_module(
[rank5]:   File "/research/cbim/vast/mz751/miniforge3/envs/dllm-rl/lib/python3.10/site-packages/transformers/dynamic_module_utils.py", line 569, in get_class_from_dynamic_module
[rank5]:     final_module = get_cached_module_file(
[rank5]:   File "/research/cbim/vast/mz751/miniforge3/envs/dllm-rl/lib/python3.10/site-packages/transformers/dynamic_module_utils.py", line 372, in get_cached_module_file
[rank5]:     resolved_module_file = cached_file(
[rank5]:   File "/research/cbim/vast/mz751/miniforge3/envs/dllm-rl/lib/python3.10/site-packages/transformers/utils/hub.py", line 312, in cached_file
[rank5]:     file = cached_files(path_or_repo_id=path_or_repo_id, filenames=[filename], **kwargs)
[rank5]:   File "/research/cbim/vast/mz751/miniforge3/envs/dllm-rl/lib/python3.10/site-packages/transformers/utils/hub.py", line 427, in cached_files
[rank5]:     raise OSError(
[rank5]: OSError: /research/cbim/vast/mz751/Projects/DLLM-Searcher/dLLM_trainer/SFT/dLLM-RL/sft_llada_continued/ckpt_0/optimized does not appear to have a file named modeling_llada.py. Checkout 'https://huggingface.co//research/cbim/vast/mz751/Projects/DLLM-Searcher/dLLM_trainer/SFT/dLLM-RL/sft_llada_continued/ckpt_0/optimized/tree/main' for available files.
[rank4]: Traceback (most recent call last):
[rank4]:   File "/research/cbim/vast/mz751/Projects/DLLM-Searcher/dLLM_trainer/SFT/dLLM-RL/train/sft_llada.py", line 495, in <module>
[rank4]:     main()
[rank4]:   File "/research/cbim/vast/mz751/Projects/DLLM-Searcher/dLLM_trainer/SFT/dLLM-RL/train/sft_llada.py", line 121, in main
[rank4]:     model = AutoModelForCausalLM.from_pretrained(
[rank4]:   File "/research/cbim/vast/mz751/miniforge3/envs/dllm-rl/lib/python3.10/site-packages/transformers/models/auto/auto_factory.py", line 558, in from_pretrained
[rank4]:     model_class = get_class_from_dynamic_module(
[rank4]:   File "/research/cbim/vast/mz751/miniforge3/envs/dllm-rl/lib/python3.10/site-packages/transformers/dynamic_module_utils.py", line 569, in get_class_from_dynamic_module
[rank4]:     final_module = get_cached_module_file(
[rank4]:   File "/research/cbim/vast/mz751/miniforge3/envs/dllm-rl/lib/python3.10/site-packages/transformers/dynamic_module_utils.py", line 372, in get_cached_module_file
[rank4]:     resolved_module_file = cached_file(
[rank4]:   File "/research/cbim/vast/mz751/miniforge3/envs/dllm-rl/lib/python3.10/site-packages/transformers/utils/hub.py", line 312, in cached_file
[rank4]:     file = cached_files(path_or_repo_id=path_or_repo_id, filenames=[filename], **kwargs)
[rank4]:   File "/research/cbim/vast/mz751/miniforge3/envs/dllm-rl/lib/python3.10/site-packages/transformers/utils/hub.py", line 427, in cached_files
[rank4]:     raise OSError(
[rank4]: OSError: /research/cbim/vast/mz751/Projects/DLLM-Searcher/dLLM_trainer/SFT/dLLM-RL/sft_llada_continued/ckpt_0/optimized does not appear to have a file named modeling_llada.py. Checkout 'https://huggingface.co//research/cbim/vast/mz751/Projects/DLLM-Searcher/dLLM_trainer/SFT/dLLM-RL/sft_llada_continued/ckpt_0/optimized/tree/main' for available files.
[rank1]: Traceback (most recent call last):
[rank1]:   File "/research/cbim/vast/mz751/Projects/DLLM-Searcher/dLLM_trainer/SFT/dLLM-RL/train/sft_llada.py", line 495, in <module>
[rank1]:     main()
[rank1]:   File "/research/cbim/vast/mz751/Projects/DLLM-Searcher/dLLM_trainer/SFT/dLLM-RL/train/sft_llada.py", line 121, in main
[rank1]:     model = AutoModelForCausalLM.from_pretrained(
[rank1]:   File "/research/cbim/vast/mz751/miniforge3/envs/dllm-rl/lib/python3.10/site-packages/transformers/models/auto/auto_factory.py", line 558, in from_pretrained
[rank1]:     model_class = get_class_from_dynamic_module(
[rank1]:   File "/research/cbim/vast/mz751/miniforge3/envs/dllm-rl/lib/python3.10/site-packages/transformers/dynamic_module_utils.py", line 569, in get_class_from_dynamic_module
[rank1]:     final_module = get_cached_module_file(
[rank1]:   File "/research/cbim/vast/mz751/miniforge3/envs/dllm-rl/lib/python3.10/site-packages/transformers/dynamic_module_utils.py", line 372, in get_cached_module_file
[rank1]:     resolved_module_file = cached_file(
[rank1]:   File "/research/cbim/vast/mz751/miniforge3/envs/dllm-rl/lib/python3.10/site-packages/transformers/utils/hub.py", line 312, in cached_file
[rank1]:     file = cached_files(path_or_repo_id=path_or_repo_id, filenames=[filename], **kwargs)
[rank1]:   File "/research/cbim/vast/mz751/miniforge3/envs/dllm-rl/lib/python3.10/site-packages/transformers/utils/hub.py", line 427, in cached_files
[rank1]:     raise OSError(
[rank1]: OSError: /research/cbim/vast/mz751/Projects/DLLM-Searcher/dLLM_trainer/SFT/dLLM-RL/sft_llada_continued/ckpt_0/optimized does not appear to have a file named modeling_llada.py. Checkout 'https://huggingface.co//research/cbim/vast/mz751/Projects/DLLM-Searcher/dLLM_trainer/SFT/dLLM-RL/sft_llada_continued/ckpt_0/optimized/tree/main' for available files.
[rank2]: Traceback (most recent call last):
[rank2]:   File "/research/cbim/vast/mz751/Projects/DLLM-Searcher/dLLM_trainer/SFT/dLLM-RL/train/sft_llada.py", line 495, in <module>
[rank2]:     main()
[rank2]:   File "/research/cbim/vast/mz751/Projects/DLLM-Searcher/dLLM_trainer/SFT/dLLM-RL/train/sft_llada.py", line 121, in main
[rank2]:     model = AutoModelForCausalLM.from_pretrained(
[rank2]:   File "/research/cbim/vast/mz751/miniforge3/envs/dllm-rl/lib/python3.10/site-packages/transformers/models/auto/auto_factory.py", line 558, in from_pretrained
[rank2]:     model_class = get_class_from_dynamic_module(
[rank2]:   File "/research/cbim/vast/mz751/miniforge3/envs/dllm-rl/lib/python3.10/site-packages/transformers/dynamic_module_utils.py", line 569, in get_class_from_dynamic_module
[rank2]:     final_module = get_cached_module_file(
[rank2]:   File "/research/cbim/vast/mz751/miniforge3/envs/dllm-rl/lib/python3.10/site-packages/transformers/dynamic_module_utils.py", line 372, in get_cached_module_file
[rank2]:     resolved_module_file = cached_file(
[rank2]:   File "/research/cbim/vast/mz751/miniforge3/envs/dllm-rl/lib/python3.10/site-packages/transformers/utils/hub.py", line 312, in cached_file
[rank2]:     file = cached_files(path_or_repo_id=path_or_repo_id, filenames=[filename], **kwargs)
[rank2]:   File "/research/cbim/vast/mz751/miniforge3/envs/dllm-rl/lib/python3.10/site-packages/transformers/utils/hub.py", line 427, in cached_files
[rank2]:     raise OSError(
[rank2]: OSError: /research/cbim/vast/mz751/Projects/DLLM-Searcher/dLLM_trainer/SFT/dLLM-RL/sft_llada_continued/ckpt_0/optimized does not appear to have a file named modeling_llada.py. Checkout 'https://huggingface.co//research/cbim/vast/mz751/Projects/DLLM-Searcher/dLLM_trainer/SFT/dLLM-RL/sft_llada_continued/ckpt_0/optimized/tree/main' for available files.
[rank3]: Traceback (most recent call last):
[rank3]:   File "/research/cbim/vast/mz751/Projects/DLLM-Searcher/dLLM_trainer/SFT/dLLM-RL/train/sft_llada.py", line 495, in <module>
[rank3]:     main()
[rank3]:   File "/research/cbim/vast/mz751/Projects/DLLM-Searcher/dLLM_trainer/SFT/dLLM-RL/train/sft_llada.py", line 121, in main
[rank3]:     model = AutoModelForCausalLM.from_pretrained(
[rank3]:   File "/research/cbim/vast/mz751/miniforge3/envs/dllm-rl/lib/python3.10/site-packages/transformers/models/auto/auto_factory.py", line 558, in from_pretrained
[rank3]:     model_class = get_class_from_dynamic_module(
[rank3]:   File "/research/cbim/vast/mz751/miniforge3/envs/dllm-rl/lib/python3.10/site-packages/transformers/dynamic_module_utils.py", line 569, in get_class_from_dynamic_module
[rank3]:     final_module = get_cached_module_file(
[rank3]:   File "/research/cbim/vast/mz751/miniforge3/envs/dllm-rl/lib/python3.10/site-packages/transformers/dynamic_module_utils.py", line 372, in get_cached_module_file
[rank3]:     resolved_module_file = cached_file(
[rank3]:   File "/research/cbim/vast/mz751/miniforge3/envs/dllm-rl/lib/python3.10/site-packages/transformers/utils/hub.py", line 312, in cached_file
[rank3]:     file = cached_files(path_or_repo_id=path_or_repo_id, filenames=[filename], **kwargs)
[rank3]:   File "/research/cbim/vast/mz751/miniforge3/envs/dllm-rl/lib/python3.10/site-packages/transformers/utils/hub.py", line 427, in cached_files
[rank3]:     raise OSError(
[rank3]: OSError: /research/cbim/vast/mz751/Projects/DLLM-Searcher/dLLM_trainer/SFT/dLLM-RL/sft_llada_continued/ckpt_0/optimized does not appear to have a file named modeling_llada.py. Checkout 'https://huggingface.co//research/cbim/vast/mz751/Projects/DLLM-Searcher/dLLM_trainer/SFT/dLLM-RL/sft_llada_continued/ckpt_0/optimized/tree/main' for available files.
[rank7]: Traceback (most recent call last):
[rank7]:   File "/research/cbim/vast/mz751/Projects/DLLM-Searcher/dLLM_trainer/SFT/dLLM-RL/train/sft_llada.py", line 495, in <module>
[rank7]:     main()
[rank7]:   File "/research/cbim/vast/mz751/Projects/DLLM-Searcher/dLLM_trainer/SFT/dLLM-RL/train/sft_llada.py", line 121, in main
[rank7]:     model = AutoModelForCausalLM.from_pretrained(
[rank7]:   File "/research/cbim/vast/mz751/miniforge3/envs/dllm-rl/lib/python3.10/site-packages/transformers/models/auto/auto_factory.py", line 558, in from_pretrained
[rank7]:     model_class = get_class_from_dynamic_module(
[rank7]:   File "/research/cbim/vast/mz751/miniforge3/envs/dllm-rl/lib/python3.10/site-packages/transformers/dynamic_module_utils.py", line 569, in get_class_from_dynamic_module
[rank7]:     final_module = get_cached_module_file(
[rank7]:   File "/research/cbim/vast/mz751/miniforge3/envs/dllm-rl/lib/python3.10/site-packages/transformers/dynamic_module_utils.py", line 372, in get_cached_module_file
[rank7]:     resolved_module_file = cached_file(
[rank7]:   File "/research/cbim/vast/mz751/miniforge3/envs/dllm-rl/lib/python3.10/site-packages/transformers/utils/hub.py", line 312, in cached_file
[rank7]:     file = cached_files(path_or_repo_id=path_or_repo_id, filenames=[filename], **kwargs)
[rank7]:   File "/research/cbim/vast/mz751/miniforge3/envs/dllm-rl/lib/python3.10/site-packages/transformers/utils/hub.py", line 427, in cached_files
[rank7]:     raise OSError(
[rank7]: OSError: /research/cbim/vast/mz751/Projects/DLLM-Searcher/dLLM_trainer/SFT/dLLM-RL/sft_llada_continued/ckpt_0/optimized does not appear to have a file named modeling_llada.py. Checkout 'https://huggingface.co//research/cbim/vast/mz751/Projects/DLLM-Searcher/dLLM_trainer/SFT/dLLM-RL/sft_llada_continued/ckpt_0/optimized/tree/main' for available files.
[rank6]: Traceback (most recent call last):
[rank6]:   File "/research/cbim/vast/mz751/Projects/DLLM-Searcher/dLLM_trainer/SFT/dLLM-RL/train/sft_llada.py", line 495, in <module>
[rank6]:     main()
[rank6]:   File "/research/cbim/vast/mz751/Projects/DLLM-Searcher/dLLM_trainer/SFT/dLLM-RL/train/sft_llada.py", line 121, in main
[rank6]:     model = AutoModelForCausalLM.from_pretrained(
[rank6]:   File "/research/cbim/vast/mz751/miniforge3/envs/dllm-rl/lib/python3.10/site-packages/transformers/models/auto/auto_factory.py", line 558, in from_pretrained
[rank6]:     model_class = get_class_from_dynamic_module(
[rank6]:   File "/research/cbim/vast/mz751/miniforge3/envs/dllm-rl/lib/python3.10/site-packages/transformers/dynamic_module_utils.py", line 569, in get_class_from_dynamic_module
[rank6]:     final_module = get_cached_module_file(
[rank6]:   File "/research/cbim/vast/mz751/miniforge3/envs/dllm-rl/lib/python3.10/site-packages/transformers/dynamic_module_utils.py", line 372, in get_cached_module_file
[rank6]:     resolved_module_file = cached_file(
[rank6]:   File "/research/cbim/vast/mz751/miniforge3/envs/dllm-rl/lib/python3.10/site-packages/transformers/utils/hub.py", line 312, in cached_file
[rank6]:     file = cached_files(path_or_repo_id=path_or_repo_id, filenames=[filename], **kwargs)
[rank6]:   File "/research/cbim/vast/mz751/miniforge3/envs/dllm-rl/lib/python3.10/site-packages/transformers/utils/hub.py", line 427, in cached_files
[rank6]:     raise OSError(
[rank6]: OSError: /research/cbim/vast/mz751/Projects/DLLM-Searcher/dLLM_trainer/SFT/dLLM-RL/sft_llada_continued/ckpt_0/optimized does not appear to have a file named modeling_llada.py. Checkout 'https://huggingface.co//research/cbim/vast/mz751/Projects/DLLM-Searcher/dLLM_trainer/SFT/dLLM-RL/sft_llada_continued/ckpt_0/optimized/tree/main' for available files.
wandb: Tracking run with wandb version 0.25.0
wandb: Run data is saved locally in /research/cbim/vast/mz751/Projects/DLLM-Searcher/dLLM_trainer/SFT/dLLM-RL/wandb/run-20260724_180645-39nnvt6r
wandb: Run `wandb offline` to turn off syncing.
wandb: Syncing run sft_llada_64
wandb: ⭐️ View project at https://wandb.ai/mz751-rutgers-university/sft_llada_continued
wandb: 🚀 View run at https://wandb.ai/mz751-rutgers-university/sft_llada_continued/runs/39nnvt6r
07/24/2026 18:06:47 - INFO - __main__ - Loading LLaDA model and tokenizer
Traceback (most recent call last):
  File "/research/cbim/vast/mz751/Projects/DLLM-Searcher/dLLM_trainer/SFT/dLLM-RL/train/sft_llada.py", line 495, in <module>
    main()
  File "/research/cbim/vast/mz751/Projects/DLLM-Searcher/dLLM_trainer/SFT/dLLM-RL/train/sft_llada.py", line 121, in main
    model = AutoModelForCausalLM.from_pretrained(
  File "/research/cbim/vast/mz751/miniforge3/envs/dllm-rl/lib/python3.10/site-packages/transformers/models/auto/auto_factory.py", line 558, in from_pretrained
    model_class = get_class_from_dynamic_module(
  File "/research/cbim/vast/mz751/miniforge3/envs/dllm-rl/lib/python3.10/site-packages/transformers/dynamic_module_utils.py", line 569, in get_class_from_dynamic_module
    final_module = get_cached_module_file(
  File "/research/cbim/vast/mz751/miniforge3/envs/dllm-rl/lib/python3.10/site-packages/transformers/dynamic_module_utils.py", line 372, in get_cached_module_file
    resolved_module_file = cached_file(
  File "/research/cbim/vast/mz751/miniforge3/envs/dllm-rl/lib/python3.10/site-packages/transformers/utils/hub.py", line 312, in cached_file
    file = cached_files(path_or_repo_id=path_or_repo_id, filenames=[filename], **kwargs)
  File "/research/cbim/vast/mz751/miniforge3/envs/dllm-rl/lib/python3.10/site-packages/transformers/utils/hub.py", line 427, in cached_files
    raise OSError(
OSError: /research/cbim/vast/mz751/Projects/DLLM-Searcher/dLLM_trainer/SFT/dLLM-RL/sft_llada_continued/ckpt_0/optimized does not appear to have a file named modeling_llada.py. Checkout 'https://huggingface.co//research/cbim/vast/mz751/Projects/DLLM-Searcher/dLLM_trainer/SFT/dLLM-RL/sft_llada_continued/ckpt_0/optimized/tree/main' for available files.
[rank0]: Traceback (most recent call last):
[rank0]:   File "/research/cbim/vast/mz751/Projects/DLLM-Searcher/dLLM_trainer/SFT/dLLM-RL/train/sft_llada.py", line 495, in <module>
[rank0]:     main()
[rank0]:   File "/research/cbim/vast/mz751/Projects/DLLM-Searcher/dLLM_trainer/SFT/dLLM-RL/train/sft_llada.py", line 121, in main
[rank0]:     model = AutoModelForCausalLM.from_pretrained(
[rank0]:   File "/research/cbim/vast/mz751/miniforge3/envs/dllm-rl/lib/python3.10/site-packages/transformers/models/auto/auto_factory.py", line 558, in from_pretrained
[rank0]:     model_class = get_class_from_dynamic_module(
[rank0]:   File "/research/cbim/vast/mz751/miniforge3/envs/dllm-rl/lib/python3.10/site-packages/transformers/dynamic_module_utils.py", line 569, in get_class_from_dynamic_module
[rank0]:     final_module = get_cached_module_file(
[rank0]:   File "/research/cbim/vast/mz751/miniforge3/envs/dllm-rl/lib/python3.10/site-packages/transformers/dynamic_module_utils.py", line 372, in get_cached_module_file
[rank0]:     resolved_module_file = cached_file(
[rank0]:   File "/research/cbim/vast/mz751/miniforge3/envs/dllm-rl/lib/python3.10/site-packages/transformers/utils/hub.py", line 312, in cached_file
[rank0]:     file = cached_files(path_or_repo_id=path_or_repo_id, filenames=[filename], **kwargs)
[rank0]:   File "/research/cbim/vast/mz751/miniforge3/envs/dllm-rl/lib/python3.10/site-packages/transformers/utils/hub.py", line 427, in cached_files
[rank0]:     raise OSError(
[rank0]: OSError: /research/cbim/vast/mz751/Projects/DLLM-Searcher/dLLM_trainer/SFT/dLLM-RL/sft_llada_continued/ckpt_0/optimized does not appear to have a file named modeling_llada.py. Checkout 'https://huggingface.co//research/cbim/vast/mz751/Projects/DLLM-Searcher/dLLM_trainer/SFT/dLLM-RL/sft_llada_continued/ckpt_0/optimized/tree/main' for available files.
[1;34mwandb[0m: 
[1;34mwandb[0m: 🚀 View run [33msft_llada_64[0m at: [34mhttps://wandb.ai/mz751-rutgers-university/sft_llada_continued/runs/39nnvt6r[0m
[1;34mwandb[0m: Find logs at: [1;35mwandb/run-20260724_180645-39nnvt6r/logs[0m
W0724 18:06:49.771000 3682697 site-packages/torch/distributed/elastic/multiprocessing/api.py:897] Sending process 3683483 closing signal SIGTERM
W0724 18:06:49.779000 3682697 site-packages/torch/distributed/elastic/multiprocessing/api.py:897] Sending process 3683484 closing signal SIGTERM
W0724 18:06:49.803000 3682697 site-packages/torch/distributed/elastic/multiprocessing/api.py:897] Sending process 3683485 closing signal SIGTERM
W0724 18:06:49.808000 3682697 site-packages/torch/distributed/elastic/multiprocessing/api.py:897] Sending process 3683486 closing signal SIGTERM
W0724 18:06:49.839000 3682697 site-packages/torch/distributed/elastic/multiprocessing/api.py:897] Sending process 3683487 closing signal SIGTERM
W0724 18:06:49.841000 3682697 site-packages/torch/distributed/elastic/multiprocessing/api.py:897] Sending process 3683488 closing signal SIGTERM
W0724 18:06:49.873000 3682697 site-packages/torch/distributed/elastic/multiprocessing/api.py:897] Sending process 3683489 closing signal SIGTERM
E0724 18:06:51.200000 3682697 site-packages/torch/distributed/elastic/multiprocessing/api.py:869] failed (exitcode: 1) local_rank: 7 (pid: 3683490) of binary: /research/cbim/vast/mz751/miniforge3/envs/dllm-rl/bin/python3.10
Warning: The cache directory for DeepSpeed Triton autotune, /research/cbim/vast/mz751/.triton/autotune, appears to be on an NFS system. While this is generally acceptable, if you experience slowdowns or hanging when DeepSpeed exits, it is recommended to set the TRITON_CACHE_DIR environment variable to a non-NFS path.
Traceback (most recent call last):
  File "/research/cbim/vast/mz751/miniforge3/envs/dllm-rl/bin/accelerate", line 6, in <module>
    sys.exit(main())
  File "/research/cbim/vast/mz751/miniforge3/envs/dllm-rl/lib/python3.10/site-packages/accelerate/commands/accelerate_cli.py", line 50, in main
    args.func(args)
  File "/research/cbim/vast/mz751/miniforge3/envs/dllm-rl/lib/python3.10/site-packages/accelerate/commands/launch.py", line 1266, in launch_command
    deepspeed_launcher(args)
  File "/research/cbim/vast/mz751/miniforge3/envs/dllm-rl/lib/python3.10/site-packages/accelerate/commands/launch.py", line 952, in deepspeed_launcher
    distrib_run.run(args)
  File "/research/cbim/vast/mz751/miniforge3/envs/dllm-rl/lib/python3.10/site-packages/torch/distributed/run.py", line 909, in run
    elastic_launch(
  File "/research/cbim/vast/mz751/miniforge3/envs/dllm-rl/lib/python3.10/site-packages/torch/distributed/launcher/api.py", line 138, in __call__
    return launch_agent(self._config, self._entrypoint, list(args))
  File "/research/cbim/vast/mz751/miniforge3/envs/dllm-rl/lib/python3.10/site-packages/torch/distributed/launcher/api.py", line 269, in launch_agent
    raise ChildFailedError(
torch.distributed.elastic.multiprocessing.errors.ChildFailedError: 
============================================================
train/sft_llada.py FAILED
------------------------------------------------------------
Failures:
  <NO_OTHER_FAILURES>
------------------------------------------------------------
Root Cause (first observed failure):
[0]:
  time      : 2026-07-24_18:06:49
  host      : achilleas.cs.rutgers.edu
  rank      : 7 (local_rank: 7)
  exitcode  : 1 (pid: 3683490)
  error_file: <N/A>
  traceback : To enable traceback see: https://pytorch.org/docs/stable/elastic/errors.html
============================================================
