W0826 10:13:07.511000 1664039 site-packages/torch/distributed/run.py:792] 
W0826 10:13:07.511000 1664039 site-packages/torch/distributed/run.py:792] *****************************************
W0826 10:13:07.511000 1664039 site-packages/torch/distributed/run.py:792] Setting OMP_NUM_THREADS environment variable for each process to be 1 in default, to avoid your system being overloaded, please further tune the variable for optimal performance in your application as needed. 
W0826 10:13:07.511000 1664039 site-packages/torch/distributed/run.py:792] *****************************************
/research/cbim/vast/mz751/miniforge3/envs/espo/lib/python3.11/site-packages/transformers/hf_argparser.py:345: FutureWarning: `max_completion_length` is deprecated and will be removed in version 0.29.0. We recommend using `max_length` instead to control the maximum length of samples.
  obj = dtype(**inputs)
/research/cbim/vast/mz751/miniforge3/envs/espo/lib/python3.11/site-packages/transformers/hf_argparser.py:345: FutureWarning: `max_prompt_length` is deprecated and will be removed in version 0.29.0. We recommend filtering out overlong prompts from your dataset before passing it to the trainer instead of using this parameter.
  obj = dtype(**inputs)
warmup_ratio is deprecated and will be removed in v5.2. Use `warmup_steps` instead.
/research/cbim/vast/mz751/miniforge3/envs/espo/lib/python3.11/site-packages/transformers/hf_argparser.py:345: FutureWarning: `max_completion_length` is deprecated and will be removed in version 0.29.0. We recommend using `max_length` instead to control the maximum length of samples.
  obj = dtype(**inputs)
/research/cbim/vast/mz751/miniforge3/envs/espo/lib/python3.11/site-packages/transformers/hf_argparser.py:345: FutureWarning: `max_completion_length` is deprecated and will be removed in version 0.29.0. We recommend using `max_length` instead to control the maximum length of samples.
  obj = dtype(**inputs)
/research/cbim/vast/mz751/miniforge3/envs/espo/lib/python3.11/site-packages/transformers/hf_argparser.py:345: FutureWarning: `max_prompt_length` is deprecated and will be removed in version 0.29.0. We recommend filtering out overlong prompts from your dataset before passing it to the trainer instead of using this parameter.
  obj = dtype(**inputs)
/research/cbim/vast/mz751/miniforge3/envs/espo/lib/python3.11/site-packages/transformers/hf_argparser.py:345: FutureWarning: `max_prompt_length` is deprecated and will be removed in version 0.29.0. We recommend filtering out overlong prompts from your dataset before passing it to the trainer instead of using this parameter.
  obj = dtype(**inputs)
warmup_ratio is deprecated and will be removed in v5.2. Use `warmup_steps` instead.
warmup_ratio is deprecated and will be removed in v5.2. Use `warmup_steps` instead.
2026-08-26 10:13:16 - INFO - __main__ - Script args: GRPOScriptArgs(dataset_path='/research/cbim/vast/mz751/Projects/DLLM-Searcher/dLLM_trainer/Agentic/output/onpolicy_loop_bs128/pi5/train_reward_a.jsonl', max_samples=None, block_length=128, num_mc=1, mask_token_id=126336, advantage_clip=5.0, normalize_elbo=True, tool_resp_left='<|im_start|>user\n<tool_response>', tool_resp_right='</tool_response><|im_end|>\n<|im_start|>assistant\n')
2026-08-26 10:13:16 - INFO - __main__ - Training args: GRPOConfig(
accelerator_config={'split_batches': False, 'dispatch_batches': None, 'even_batches': True, 'use_seedable_sampler': True, 'non_blocking': False, 'gradient_accumulation_kwargs': None, 'use_configured_state': False},
adam_beta1=0.9,
adam_beta2=0.99,
adam_epsilon=1e-08,
auto_find_batch_size=False,
average_tokens_across_devices=True,
base_model_attribute_name=model,
batch_eval_metrics=False,
beta=0.0,
bf16=True,
bf16_full_eval=False,
data_seed=None,
dataloader_drop_last=False,
dataloader_num_workers=0,
dataloader_persistent_workers=False,
dataloader_pin_memory=True,
dataloader_prefetch_factor=None,
dataset_num_proc=None,
ddp_backend=None,
ddp_broadcast_buffers=None,
ddp_bucket_cap_mb=None,
ddp_find_unused_parameters=None,
ddp_timeout=1800,
debug=[],
deepspeed=None,
disable_dropout=True,
disable_tqdm=False,
discopop_tau=0.05,
do_eval=False,
do_predict=False,
do_train=False,
enable_jit_checkpoint=False,
eval_accumulation_steps=None,
eval_delay=0,
eval_do_concat_batches=True,
eval_on_start=False,
eval_steps=None,
eval_strategy=IntervalStrategy.NO,
eval_use_gather_object=False,
f_alpha_divergence_coef=1.0,
f_divergence_type=reverse_kl,
force_use_ref_model=None,
fp16=False,
fp16_full_eval=False,
fsdp=[],
fsdp_config={'min_num_params': 0, 'xla': False, 'xla_fsdp_v2': False, 'xla_fsdp_grad_ckpt': False},
full_determinism=False,
generate_during_eval=False,
gradient_accumulation_steps=8,
gradient_checkpointing=False,
gradient_checkpointing_kwargs=None,
greater_is_better=None,
hub_always_push=False,
hub_model_id=None,
hub_private_repo=None,
hub_revision=None,
hub_strategy=HubStrategy.EVERY_SAVE,
hub_token=<HUB_TOKEN>,
ignore_data_skip=False,
include_for_metrics=[],
include_num_input_tokens_seen=no,
label_names=None,
label_pad_token_id=-100,
label_smoothing=0.0,
label_smoothing_factor=0.0,
ld_alpha=None,
learning_rate=1e-06,
length_column_name=length,
liger_kernel_config=None,
load_best_model_at_end=False,
local_rank=-1,
log_level=info,
log_level_replica=warning,
log_on_each_node=True,
logging_dir=None,
logging_first_step=True,
logging_nan_inf_filter=True,
logging_steps=5,
logging_strategy=IntervalStrategy.STEPS,
loss_type=sigmoid,
loss_weights=None,
lr_scheduler_kwargs=None,
lr_scheduler_type=SchedulerType.COSINE,
max_completion_length=640,
max_grad_norm=0.5,
max_length=4096,
max_prompt_length=640,
max_steps=-1,
metric_for_best_model=None,
model_adapter_name=None,
model_init_kwargs=None,
neftune_noise_alpha=None,
num_train_epochs=1,
optim=OptimizerNames.ADAMW_TORCH,
optim_args=None,
optim_target_modules=None,
output_dir=/research/cbim/vast/mz751/Projects/DLLM-Searcher/dLLM_trainer/Agentic/output/onpolicy_loop_bs128/pi5/model,
pad_token=<PAD_TOKEN>,
padding_free=False,
parallelism_config=None,
per_device_eval_batch_size=1,
per_device_train_batch_size=1,
precompute_ref_batch_size=None,
precompute_ref_log_probs=False,
prediction_loss_only=False,
project=huggingface,
push_to_hub=False,
ref_adapter_name=None,
ref_model_init_kwargs=None,
ref_model_mixup_alpha=0.6,
ref_model_sync_steps=512,
reference_free=False,
remove_unused_columns=False,
report_to=['wandb'],
restore_callback_states_from_checkpoint=False,
resume_from_checkpoint=None,
rpo_alpha=None,
run_name=onpolicy_bs128_pi5_20260826_091418,
save_on_each_node=False,
save_only_model=False,
save_steps=500,
save_strategy=SaveStrategy.EPOCH,
save_total_limit=1,
seed=42,
skip_memory_metrics=True,
sync_ref_model=False,
tf32=None,
tools=None,
torch_compile=False,
torch_compile_backend=None,
torch_compile_mode=None,
torch_empty_cache_steps=None,
trackio_space_id=trackio,
train_sampling_strategy=random,
truncation_mode=keep_end,
use_cache=False,
use_cpu=False,
use_liger_kernel=False,
use_logits_to_keep=False,
use_weighting=False,
wandb_project=dllm_agentic_rl_bs128,
warmup_ratio=0.05,
warmup_steps=0.05,
weight_decay=0.01,
)
2026-08-26 10:13:16 - INFO - __main__ - *** Loading GRPO dataset ***
[rank0]: Traceback (most recent call last):
[rank0]:   File "/research/cbim/vast/mz751/Projects/DLLM-Searcher/dLLM_trainer/VRPO/my_train/llada_grpo_train.py", line 293, in <module>
[rank0]:     main(script_args, training_args, model_args)
[rank0]:   File "/research/cbim/vast/mz751/Projects/DLLM-Searcher/dLLM_trainer/VRPO/my_train/llada_grpo_train.py", line 167, in main
[rank0]:     train_dataset = load_grpo_dataset(script_args.dataset_path, script_args.max_samples)
[rank0]:                     ^^^^^^^^^^^^^^^^^^^^^^^^^^^^^^^^^^^^^^^^^^^^^^^^^^^^^^^^^^^^^^^^^^^^
[rank0]:   File "/research/cbim/vast/mz751/Projects/DLLM-Searcher/dLLM_trainer/VRPO/my_train/llada_grpo_train.py", line 128, in load_grpo_dataset
[rank0]:     dataset = datasets.load_dataset("json", data_files=path, split="train")
[rank0]:               ^^^^^^^^^^^^^^^^^^^^^^^^^^^^^^^^^^^^^^^^^^^^^^^^^^^^^^^^^^^^^
[rank0]:   File "/research/cbim/vast/mz751/miniforge3/envs/espo/lib/python3.11/site-packages/datasets/load.py", line 1488, in load_dataset
[rank0]:     builder_instance = load_dataset_builder(
[rank0]:                        ^^^^^^^^^^^^^^^^^^^^^
[rank0]:   File "/research/cbim/vast/mz751/miniforge3/envs/espo/lib/python3.11/site-packages/datasets/load.py", line 1133, in load_dataset_builder
[rank0]:     dataset_module = dataset_module_factory(
[rank0]:                      ^^^^^^^^^^^^^^^^^^^^^^^
[rank0]:   File "/research/cbim/vast/mz751/miniforge3/envs/espo/lib/python3.11/site-packages/datasets/load.py", line 915, in dataset_module_factory
[rank0]:     ).get_module()
[rank0]:       ^^^^^^^^^^^^
[rank0]:   File "/research/cbim/vast/mz751/miniforge3/envs/espo/lib/python3.11/site-packages/datasets/load.py", line 528, in get_module
[rank0]:     data_files = DataFilesDict.from_patterns(
[rank0]:                  ^^^^^^^^^^^^^^^^^^^^^^^^^^^^
[rank0]:   File "/research/cbim/vast/mz751/miniforge3/envs/espo/lib/python3.11/site-packages/datasets/data_files.py", line 708, in from_patterns
[rank0]:     else DataFilesList.from_patterns(
[rank0]:          ^^^^^^^^^^^^^^^^^^^^^^^^^^^^
[rank0]:   File "/research/cbim/vast/mz751/miniforge3/envs/espo/lib/python3.11/site-packages/datasets/data_files.py", line 601, in from_patterns
[rank0]:     resolve_pattern(
[rank0]:   File "/research/cbim/vast/mz751/miniforge3/envs/espo/lib/python3.11/site-packages/datasets/data_files.py", line 390, in resolve_pattern
[rank0]:     raise FileNotFoundError(error_msg)
[rank0]: FileNotFoundError: Unable to find '/research/cbim/vast/mz751/Projects/DLLM-Searcher/dLLM_trainer/Agentic/output/onpolicy_loop_bs128/pi5/train_reward_a.jsonl'
[rank1]: Traceback (most recent call last):
[rank1]:   File "/research/cbim/vast/mz751/Projects/DLLM-Searcher/dLLM_trainer/VRPO/my_train/llada_grpo_train.py", line 293, in <module>
[rank1]:     main(script_args, training_args, model_args)
[rank1]:   File "/research/cbim/vast/mz751/Projects/DLLM-Searcher/dLLM_trainer/VRPO/my_train/llada_grpo_train.py", line 167, in main
[rank1]:     train_dataset = load_grpo_dataset(script_args.dataset_path, script_args.max_samples)
[rank1]:                     ^^^^^^^^^^^^^^^^^^^^^^^^^^^^^^^^^^^^^^^^^^^^^^^^^^^^^^^^^^^^^^^^^^^^
[rank1]:   File "/research/cbim/vast/mz751/Projects/DLLM-Searcher/dLLM_trainer/VRPO/my_train/llada_grpo_train.py", line 128, in load_grpo_dataset
[rank1]:     dataset = datasets.load_dataset("json", data_files=path, split="train")
[rank1]:               ^^^^^^^^^^^^^^^^^^^^^^^^^^^^^^^^^^^^^^^^^^^^^^^^^^^^^^^^^^^^^
[rank1]:   File "/research/cbim/vast/mz751/miniforge3/envs/espo/lib/python3.11/site-packages/datasets/load.py", line 1488, in load_dataset
[rank1]:     builder_instance = load_dataset_builder(
[rank1]:                        ^^^^^^^^^^^^^^^^^^^^^
[rank1]:   File "/research/cbim/vast/mz751/miniforge3/envs/espo/lib/python3.11/site-packages/datasets/load.py", line 1133, in load_dataset_builder
[rank1]:     dataset_module = dataset_module_factory(
[rank1]:                      ^^^^^^^^^^^^^^^^^^^^^^^
[rank1]:   File "/research/cbim/vast/mz751/miniforge3/envs/espo/lib/python3.11/site-packages/datasets/load.py", line 915, in dataset_module_factory
[rank1]:     ).get_module()
[rank1]:       ^^^^^^^^^^^^
[rank1]:   File "/research/cbim/vast/mz751/miniforge3/envs/espo/lib/python3.11/site-packages/datasets/load.py", line 528, in get_module
[rank1]:     data_files = DataFilesDict.from_patterns(
[rank1]:                  ^^^^^^^^^^^^^^^^^^^^^^^^^^^^
[rank1]:   File "/research/cbim/vast/mz751/miniforge3/envs/espo/lib/python3.11/site-packages/datasets/data_files.py", line 708, in from_patterns
[rank1]:     else DataFilesList.from_patterns(
[rank1]:          ^^^^^^^^^^^^^^^^^^^^^^^^^^^^
[rank1]:   File "/research/cbim/vast/mz751/miniforge3/envs/espo/lib/python3.11/site-packages/datasets/data_files.py", line 601, in from_patterns
[rank1]:     resolve_pattern(
[rank1]:   File "/research/cbim/vast/mz751/miniforge3/envs/espo/lib/python3.11/site-packages/datasets/data_files.py", line 390, in resolve_pattern
[rank1]:     raise FileNotFoundError(error_msg)
[rank1]: FileNotFoundError: Unable to find '/research/cbim/vast/mz751/Projects/DLLM-Searcher/dLLM_trainer/Agentic/output/onpolicy_loop_bs128/pi5/train_reward_a.jsonl'
[rank2]: Traceback (most recent call last):
[rank2]:   File "/research/cbim/vast/mz751/Projects/DLLM-Searcher/dLLM_trainer/VRPO/my_train/llada_grpo_train.py", line 293, in <module>
[rank2]:     main(script_args, training_args, model_args)
[rank2]:   File "/research/cbim/vast/mz751/Projects/DLLM-Searcher/dLLM_trainer/VRPO/my_train/llada_grpo_train.py", line 167, in main
[rank2]:     train_dataset = load_grpo_dataset(script_args.dataset_path, script_args.max_samples)
[rank2]:                     ^^^^^^^^^^^^^^^^^^^^^^^^^^^^^^^^^^^^^^^^^^^^^^^^^^^^^^^^^^^^^^^^^^^^
[rank2]:   File "/research/cbim/vast/mz751/Projects/DLLM-Searcher/dLLM_trainer/VRPO/my_train/llada_grpo_train.py", line 128, in load_grpo_dataset
[rank2]:     dataset = datasets.load_dataset("json", data_files=path, split="train")
[rank2]:               ^^^^^^^^^^^^^^^^^^^^^^^^^^^^^^^^^^^^^^^^^^^^^^^^^^^^^^^^^^^^^
[rank2]:   File "/research/cbim/vast/mz751/miniforge3/envs/espo/lib/python3.11/site-packages/datasets/load.py", line 1488, in load_dataset
[rank2]:     builder_instance = load_dataset_builder(
[rank2]:                        ^^^^^^^^^^^^^^^^^^^^^
[rank2]:   File "/research/cbim/vast/mz751/miniforge3/envs/espo/lib/python3.11/site-packages/datasets/load.py", line 1133, in load_dataset_builder
[rank2]:     dataset_module = dataset_module_factory(
[rank2]:                      ^^^^^^^^^^^^^^^^^^^^^^^
[rank2]:   File "/research/cbim/vast/mz751/miniforge3/envs/espo/lib/python3.11/site-packages/datasets/load.py", line 915, in dataset_module_factory
[rank2]:     ).get_module()
[rank2]:       ^^^^^^^^^^^^
[rank2]:   File "/research/cbim/vast/mz751/miniforge3/envs/espo/lib/python3.11/site-packages/datasets/load.py", line 528, in get_module
[rank2]:     data_files = DataFilesDict.from_patterns(
[rank2]:                  ^^^^^^^^^^^^^^^^^^^^^^^^^^^^
[rank2]:   File "/research/cbim/vast/mz751/miniforge3/envs/espo/lib/python3.11/site-packages/datasets/data_files.py", line 708, in from_patterns
[rank2]:     else DataFilesList.from_patterns(
[rank2]:          ^^^^^^^^^^^^^^^^^^^^^^^^^^^^
[rank2]:   File "/research/cbim/vast/mz751/miniforge3/envs/espo/lib/python3.11/site-packages/datasets/data_files.py", line 601, in from_patterns
[rank2]:     resolve_pattern(
[rank2]:   File "/research/cbim/vast/mz751/miniforge3/envs/espo/lib/python3.11/site-packages/datasets/data_files.py", line 390, in resolve_pattern
[rank2]:     raise FileNotFoundError(error_msg)
[rank2]: FileNotFoundError: Unable to find '/research/cbim/vast/mz751/Projects/DLLM-Searcher/dLLM_trainer/Agentic/output/onpolicy_loop_bs128/pi5/train_reward_a.jsonl'
[rank0]:[W826 10:13:17.877606055 ProcessGroupNCCL.cpp:1496] Warning: WARNING: destroy_process_group() was not called before program exit, which can leak resources. For more info, please see https://pytorch.org/docs/stable/distributed.html#shutdown (function operator())
W0826 10:13:18.334000 1664039 site-packages/torch/distributed/elastic/multiprocessing/api.py:897] Sending process 1664410 closing signal SIGTERM
W0826 10:13:18.334000 1664039 site-packages/torch/distributed/elastic/multiprocessing/api.py:897] Sending process 1664411 closing signal SIGTERM
E0826 10:13:18.750000 1664039 site-packages/torch/distributed/elastic/multiprocessing/api.py:869] failed (exitcode: 1) local_rank: 0 (pid: 1664409) of binary: /research/cbim/vast/mz751/miniforge3/envs/espo/bin/python3.11
Traceback (most recent call last):
  File "/research/cbim/vast/mz751/miniforge3/envs/espo/bin/accelerate", line 6, in <module>
    sys.exit(main())
             ^^^^^^
  File "/research/cbim/vast/mz751/miniforge3/envs/espo/lib/python3.11/site-packages/accelerate/commands/accelerate_cli.py", line 50, in main
    args.func(args)
  File "/research/cbim/vast/mz751/miniforge3/envs/espo/lib/python3.11/site-packages/accelerate/commands/launch.py", line 1266, in launch_command
    deepspeed_launcher(args)
  File "/research/cbim/vast/mz751/miniforge3/envs/espo/lib/python3.11/site-packages/accelerate/commands/launch.py", line 952, in deepspeed_launcher
    distrib_run.run(args)
  File "/research/cbim/vast/mz751/miniforge3/envs/espo/lib/python3.11/site-packages/torch/distributed/run.py", line 909, in run
    elastic_launch(
  File "/research/cbim/vast/mz751/miniforge3/envs/espo/lib/python3.11/site-packages/torch/distributed/launcher/api.py", line 138, in __call__
    return launch_agent(self._config, self._entrypoint, list(args))
           ^^^^^^^^^^^^^^^^^^^^^^^^^^^^^^^^^^^^^^^^^^^^^^^^^^^^^^^^
  File "/research/cbim/vast/mz751/miniforge3/envs/espo/lib/python3.11/site-packages/torch/distributed/launcher/api.py", line 269, in launch_agent
    raise ChildFailedError(
torch.distributed.elastic.multiprocessing.errors.ChildFailedError: 
============================================================
my_train/llada_grpo_train.py FAILED
------------------------------------------------------------
Failures:
  <NO_OTHER_FAILURES>
------------------------------------------------------------
Root Cause (first observed failure):
[0]:
  time      : 2026-08-26_10:13:18
  host      : hermes.cs.rutgers.edu
  rank      : 0 (local_rank: 0)
  exitcode  : 1 (pid: 1664409)
  error_file: <N/A>
  traceback : To enable traceback see: https://pytorch.org/docs/stable/elastic/errors.html
============================================================
